Copyright 1986-2018 Xilinx, Inc. All Rights Reserved.
-------------------------------------------------------------------------------------
| Tool Version : Vivado v.2018.1 (win64) Build 2188600 Wed Apr  4 18:40:38 MDT 2018
| Date         : Tue Nov 17 15:59:36 2020
| Host         : Parasha running 64-bit major release  (build 9200)
| Command      : report_control_sets -verbose -file FPGA_TOP_control_sets_placed.rpt
| Design       : FPGA_TOP
| Device       : xc7a35t
-------------------------------------------------------------------------------------

Control Set Information

Table of Contents
-----------------
1. Summary
2. Histogram
3. Flip-Flop Distribution
4. Detailed Control Set Information

1. Summary
----------

+----------------------------------------------------------+-------+
|                          Status                          | Count |
+----------------------------------------------------------+-------+
| Number of unique control sets                            |   103 |
| Unused register locations in slices containing registers |   295 |
+----------------------------------------------------------+-------+


2. Histogram
------------

+--------+--------------+
| Fanout | Control Sets |
+--------+--------------+
|      1 |           13 |
|      2 |            2 |
|      3 |            1 |
|      4 |           13 |
|      5 |            4 |
|      6 |            7 |
|      7 |            2 |
|      8 |           12 |
|      9 |            1 |
|     10 |            3 |
|     11 |            2 |
|     12 |            1 |
|     13 |            2 |
|     14 |            1 |
|    16+ |           39 |
+--------+--------------+


3. Flip-Flop Distribution
-------------------------

+--------------+-----------------------+------------------------+-----------------+--------------+
| Clock Enable | Synchronous Set/Reset | Asynchronous Set/Reset | Total Registers | Total Slices |
+--------------+-----------------------+------------------------+-----------------+--------------+
| No           | No                    | No                     |             482 |          160 |
| No           | No                    | Yes                    |              29 |            8 |
| No           | Yes                   | No                     |             494 |          184 |
| Yes          | No                    | No                     |             238 |           61 |
| Yes          | No                    | Yes                    |              15 |            8 |
| Yes          | Yes                   | No                     |             967 |          324 |
+--------------+-----------------------+------------------------+-----------------+--------------+


4. Detailed Control Set Information
-----------------------------------

+------------------------------------------------------------------+-------------------------------------------------------------------------------------------------------------------------------------------------------------------------------------------------------------+--------------------------------------------------------------------------------------------------------------------------------------------------------+------------------+----------------+
|                           Clock Signal                           |                                                                                                Enable Signal                                                                                                |                                                                    Set/Reset Signal                                                                    | Slice Load Count | Bel Load Count |
+------------------------------------------------------------------+-------------------------------------------------------------------------------------------------------------------------------------------------------------------------------------------------------------+--------------------------------------------------------------------------------------------------------------------------------------------------------+------------------+----------------+
|  mcu_wrapper/MCU_i/clkgen/inst/OCLK100                           |                                                                                                                                                                                                             | mcu_wrapper/MCU_i/timer/U0/TC_CORE_I/TIMER_CONTROL_I/R_0                                                                                               |                1 |              1 |
|  mcu_wrapper/MCU_i/mdm/U0/Use_E2.BSCAN_I/Ext_JTAG_UPDATE         | mcu_wrapper/MCU_i/mbcore/U0/MicroBlaze_Core_I/Performance.Core/Use_Debug_Logic.Master_Core.Debug_Perf/Control_Reg_En                                                                                        | mcu_wrapper/MCU_i/mbcore/U0/MicroBlaze_Core_I/Performance.Core/Use_Debug_Logic.Master_Core.Debug_Perf/Serial_Dbg_Intf.continue_from_brk_reg_n_0        |                1 |              1 |
| ~mcu_wrapper/MCU_i/mdm/U0/No_Dbg_Reg_Access.BUFG_DRCK/Dbg_Clk_31 | mcu_wrapper/MCU_i/mdm/U0/MDM_Core_I1/JTAG_CONTROL_I/Use_BSCAN.FDC_I/CE                                                                                                                                      | mcu_wrapper/MCU_i/mdm/U0/MDM_Core_I1/JTAG_CONTROL_I/Use_BSCAN.FDC_I/D_1                                                                                |                1 |              1 |
|  mcu_wrapper/MCU_i/mdm/U0/Use_E2.BSCAN_I/Ext_JTAG_UPDATE         | mcu_wrapper/MCU_i/mbcore/U0/MicroBlaze_Core_I/Performance.Core/Use_Debug_Logic.Master_Core.Debug_Perf/Control_Reg_En                                                                                        | mcu_wrapper/MCU_i/mbcore/U0/MicroBlaze_Core_I/Performance.Core/Use_Debug_Logic.Master_Core.Debug_Perf/Performance_Debug_Control.force_stop_cmd_1_reg_0 |                1 |              1 |
|  mcu_wrapper/MCU_i/clkgen/inst/OCLK100                           |                                                                                                                                                                                                             | mcu_wrapper/MCU_i/timer/U0/AXI4_LITE_I/I_SLAVE_ATTACHMENT/I_DECODER/TCSR1_GENERATE[23].TCSR1_FF_I                                                      |                1 |              1 |
|  mcu_wrapper/MCU_i/mdm/U0/Use_E2.BSCAN_I/Ext_JTAG_UPDATE         | mcu_wrapper/MCU_i/mbcore/U0/MicroBlaze_Core_I/Performance.Core/Use_Debug_Logic.Master_Core.Debug_Perf/Control_Reg_En                                                                                        | mcu_wrapper/MCU_i/mbcore/U0/MicroBlaze_Core_I/Performance.Core/Use_Debug_Logic.Master_Core.Debug_Perf/start_single_step_reg_n_0                        |                1 |              1 |
|  mcu_wrapper/MCU_i/mdm/U0/Use_E2.BSCAN_I/Ext_JTAG_UPDATE         | mcu_wrapper/MCU_i/mbcore/U0/MicroBlaze_Core_I/Performance.Core/Use_Debug_Logic.Master_Core.Debug_Perf/Control_Reg_En                                                                                        | mcu_wrapper/MCU_i/mbcore/U0/MicroBlaze_Core_I/Performance.Core/Use_Debug_Logic.Master_Core.Debug_Perf/Serial_Dbg_Intf.normal_stop_cmd_i_reg_n_0        |                1 |              1 |
|  mcu_wrapper/MCU_i/clkgen/inst/OCLK100                           |                                                                                                                                                                                                             | mcu_wrapper/MCU_i/timer/U0/AXI4_LITE_I/I_SLAVE_ATTACHMENT/I_DECODER/TCSR0_GENERATE[23].TCSR0_FF_I                                                      |                1 |              1 |
|  mcu_wrapper/MCU_i/clkgen/inst/OCLK100                           |                                                                                                                                                                                                             | mcu_wrapper/MCU_i/timer/U0/TC_CORE_I/TIMER_CONTROL_I/READ_DONE1_I_i_1_n_0                                                                              |                1 |              1 |
|  mcu_wrapper/MCU_i/clkgen/inst/OCLK100                           |                                                                                                                                                                                                             | mcu_wrapper/MCU_i/mbcore/U0/MicroBlaze_Core_I/Performance.Core/Use_Debug_Logic.Master_Core.Debug_Perf/capture_1                                        |                1 |              1 |
|  mcu_wrapper/MCU_i/clkgen/inst/OCLK10                            | gen40kHz/O40KHZ_i_1_n_0                                                                                                                                                                                     | mcu_wrapper/MCU_i/rstgen/U0/peripheral_reset[0]                                                                                                        |                1 |              1 |
| ~mcu_wrapper/MCU_i/mdm/U0/Use_E2.BSCAN_I/Ext_JTAG_UPDATE         |                                                                                                                                                                                                             | mcu_wrapper/MCU_i/mdm/U0/MDM_Core_I1/JTAG_CONTROL_I/sel_n                                                                                              |                1 |              1 |
|  mcu_wrapper/MCU_i/mdm/U0/No_Dbg_Reg_Access.BUFG_DRCK/Dbg_Clk_31 | mcu_wrapper/MCU_i/mdm/U0/Use_E2.BSCAN_I/Dbg_Capture_0                                                                                                                                                       | mcu_wrapper/MCU_i/mdm/U0/MDM_Core_I1/JTAG_CONTROL_I/sel_reset                                                                                          |                1 |              1 |
|  mcu_wrapper/MCU_i/clkgen/inst/OCLK100                           | mcu_wrapper/MCU_i/mbcore/U0/MicroBlaze_Core_I/Performance.Core/Decode_I/Use_MuxCy[10].OF_Piperun_Stage/MUXCY_I/lopt_1                                                                                       |                                                                                                                                                        |                1 |              2 |
|  mcu_wrapper/MCU_i/mdm/U0/Use_E2.BSCAN_I/Ext_JTAG_UPDATE         | mcu_wrapper/MCU_i/mbcore/U0/MicroBlaze_Core_I/Performance.Core/Use_Debug_Logic.Master_Core.Debug_Perf/Command_Reg_En                                                                                        | mcu_wrapper/MCU_i/mbcore/U0/MicroBlaze_Core_I/Performance.Core/Use_Debug_Logic.Master_Core.Debug_Perf/command_reg_clear                                |                1 |              2 |
|  mcu_wrapper/MCU_i/mdm/U0/Use_E2.BSCAN_I/Ext_JTAG_UPDATE         |                                                                                                                                                                                                             |                                                                                                                                                        |                1 |              3 |
|  mcu_wrapper/MCU_i/clkgen/inst/OCLK100                           |                                                                                                                                                                                                             | mcu_wrapper/MCU_i/gpio_revhw/U0/AXI_LITE_IPIF_I/I_SLAVE_ATTACHMENT/clear                                                                               |                1 |              4 |
|  mcu_wrapper/MCU_i/clkgen/inst/OCLK100                           |                                                                                                                                                                                                             | mcu_wrapper/MCU_i/gpio_ledsw/U0/AXI_LITE_IPIF_I/I_SLAVE_ATTACHMENT/clear                                                                               |                1 |              4 |
|  mcu_wrapper/MCU_i/clkgen/inst/OCLK100                           | mcu_wrapper/MCU_i/uart/U0/AXI_LITE_IPIF_I/I_SLAVE_ATTACHMENT/start2                                                                                                                                         | mcu_wrapper/MCU_i/uart/U0/AXI_LITE_IPIF_I/I_SLAVE_ATTACHMENT/I_DECODER/cs_ce_clr                                                                       |                1 |              4 |
|  mcu_wrapper/MCU_i/clkgen/inst/OCLK100                           |                                                                                                                                                                                                             | mcu_wrapper/MCU_i/mbcore/U0/MicroBlaze_Core_I/Performance.Core/Decode_I/flush_pipe                                                                     |                3 |              4 |
|  mcu_wrapper/MCU_i/clkgen/inst/OCLK100                           | mcu_wrapper/MCU_i/uart/U0/UARTLITE_CORE_I/BAUD_RATE_I/en_16x_Baud                                                                                                                                           |                                                                                                                                                        |                2 |              4 |
| ~mcu_wrapper/MCU_i/mdm/U0/Use_E2.BSCAN_I/Ext_JTAG_UPDATE         |                                                                                                                                                                                                             | mcu_wrapper/MCU_i/mdm/U0/Use_E2.BSCAN_I/AR[0]                                                                                                          |                1 |              4 |
|  mcu_wrapper/MCU_i/clkgen/inst/OCLK100                           | mcu_wrapper/MCU_i/timer/U0/AXI4_LITE_I/I_SLAVE_ATTACHMENT/I_DECODER/pair0_Select                                                                                                                            | mcu_wrapper/MCU_i/timer/U0/TC_CORE_I/GEN_SECOND_TIMER.COUNTER_1_I/COUNTER_I/INFERRED_GEN.icount_out_reg[31]_0                                          |                2 |              4 |
|  mcu_wrapper/MCU_i/clkgen/inst/OCLK100                           | mcu_wrapper/MCU_i/gpio_revhw/U0/AXI_LITE_IPIF_I/I_SLAVE_ATTACHMENT/start2                                                                                                                                   | mcu_wrapper/MCU_i/gpio_revhw/U0/AXI_LITE_IPIF_I/I_SLAVE_ATTACHMENT/I_DECODER/cs_ce_clr                                                                 |                1 |              4 |
|  mcu_wrapper/MCU_i/clkgen/inst/OCLK100                           | mcu_wrapper/MCU_i/timer/U0/AXI4_LITE_I/I_SLAVE_ATTACHMENT/bus2ip_addr_i[4]_i_1_n_0                                                                                                                          | mcu_wrapper/MCU_i/timer/U0/AXI4_LITE_I/I_SLAVE_ATTACHMENT/rst                                                                                          |                1 |              4 |
|  mcu_wrapper/MCU_i/clkgen/inst/OCLK100                           | mcu_wrapper/MCU_i/gpio_revhw/U0/AXI_LITE_IPIF_I/I_SLAVE_ATTACHMENT/bus2ip_addr_i[8]_i_1_n_0                                                                                                                 | mcu_wrapper/MCU_i/gpio_revhw/U0/AXI_LITE_IPIF_I/I_SLAVE_ATTACHMENT/SR[0]                                                                               |                1 |              4 |
|  mcu_wrapper/MCU_i/clkgen/inst/OCLK100                           |                                                                                                                                                                                                             | mcu_wrapper/MCU_i/intr/U0/AXI_LITE_IPIF_I/I_SLAVE_ATTACHMENT/clear                                                                                     |                2 |              4 |
|  mcu_wrapper/MCU_i/mdm/U0/Use_E2.BSCAN_I/Ext_JTAG_UPDATE         | mcu_wrapper/MCU_i/mdm/U0/MDM_Core_I1/MDM_SEL                                                                                                                                                                | mcu_wrapper/MCU_i/mdm/U0/Use_E2.BSCAN_I/AR[0]                                                                                                          |                1 |              4 |
|  mcu_wrapper/MCU_i/mdm/U0/No_Dbg_Reg_Access.BUFG_DRCK/Dbg_Clk_31 | mcu_wrapper/MCU_i/mdm/U0/MDM_Core_I1/p_0_out                                                                                                                                                                | mcu_wrapper/MCU_i/mdm/U0/Use_E2.BSCAN_I/AR[0]                                                                                                          |                1 |              4 |
|  mcu_wrapper/MCU_i/clkgen/inst/OCLK100                           | mcu_wrapper/MCU_i/mbcore/U0/MicroBlaze_Core_I/Performance.Core/Decode_I/wb_Halted                                                                                                                           | mcu_wrapper/MCU_i/mbcore/U0/MicroBlaze_Core_I/sync_reset                                                                                               |                2 |              5 |
|  mcu_wrapper/MCU_i/clkgen/inst/OCLK100                           | mcu_wrapper/MCU_i/intr/U0/AXI_LITE_IPIF_I/I_SLAVE_ATTACHMENT/s_axi_rresp_i                                                                                                                                  | mcu_wrapper/MCU_i/intr/U0/AXI_LITE_IPIF_I/I_SLAVE_ATTACHMENT/rst                                                                                       |                2 |              5 |
|  mcu_wrapper/MCU_i/clkgen/inst/OCLK10                            |                                                                                                                                                                                                             | mcu_wrapper/MCU_i/rstgen/U0/EXT_LPF/lpf_int                                                                                                            |                1 |              5 |
|  mcu_wrapper/MCU_i/mdm/U0/Use_E2.BSCAN_I/Ext_JTAG_UPDATE         | mcu_wrapper/MCU_i/mbcore/U0/MicroBlaze_Core_I/Performance.Core/Use_Debug_Logic.Master_Core.Debug_Perf/Control_Reg_En                                                                                        |                                                                                                                                                        |                2 |              5 |
|  mcu_wrapper/MCU_i/clkgen/inst/OCLK100                           |                                                                                                                                                                                                             | mcu_wrapper/MCU_i/uart/U0/UARTLITE_CORE_I/UARTLITE_RX_I/SRL_FIFO_I/I_SRL_FIFO_RBU_F/CNTR_INCR_DECR_ADDN_F_I/SS[0]                                      |                2 |              6 |
|  mcu_wrapper/MCU_i/clkgen/inst/OCLK10                            | mcu_wrapper/MCU_i/rstgen/U0/SEQ/seq_cnt_en                                                                                                                                                                  | mcu_wrapper/MCU_i/rstgen/U0/SEQ/SEQ_COUNTER/clear                                                                                                      |                2 |              6 |
|  mcu_wrapper/MCU_i/clkgen/inst/OCLK100                           |                                                                                                                                                                                                             | mcu_wrapper/MCU_i/uart/U0/UARTLITE_CORE_I/UARTLITE_TX_I/SRL_FIFO_I/I_SRL_FIFO_RBU_F/CNTR_INCR_DECR_ADDN_F_I/SS[0]                                      |                2 |              6 |
|  mcu_wrapper/MCU_i/clkgen/inst/OCLK100                           |                                                                                                                                                                                                             | mcu_wrapper/MCU_i/timer/U0/AXI4_LITE_I/I_SLAVE_ATTACHMENT/INCLUDE_DPHASE_TIMER.dpto_cnt[5]_i_1_n_0                                                     |                2 |              6 |
|  mcu_wrapper/MCU_i/mdm/U0/No_Dbg_Reg_Access.BUFG_DRCK/Dbg_Clk_31 | mcu_wrapper/MCU_i/mdm/U0/Use_E2.BSCAN_I/E[0]                                                                                                                                                                |                                                                                                                                                        |                1 |              6 |
|  mcu_wrapper/MCU_i/mdm/U0/No_Dbg_Reg_Access.BUFG_DRCK/Dbg_Clk_31 | mcu_wrapper/MCU_i/mdm/U0/Use_E2.BSCAN_I/Use_Serial_Unified_Completion.count_reg[5]_0[0]                                                                                                                     |                                                                                                                                                        |                2 |              6 |
|  mcu_wrapper/MCU_i/mdm/U0/No_Dbg_Reg_Access.BUFG_DRCK/Dbg_Clk_31 | mcu_wrapper/MCU_i/mdm/U0/MDM_Core_I1/JTAG_CONTROL_I/Use_BSCAN.FDC_I/Use_Serial_Unified_Completion.sample_1_reg[10][0]                                                                                       |                                                                                                                                                        |                1 |              6 |
|  mcu_wrapper/MCU_i/clkgen/inst/OCLK100                           | mcu_wrapper/MCU_i/timer/U0/AXI4_LITE_I/I_SLAVE_ATTACHMENT/start2                                                                                                                                            | mcu_wrapper/MCU_i/timer/U0/AXI4_LITE_I/I_SLAVE_ATTACHMENT/I_DECODER/cs_ce_clr                                                                          |                3 |              7 |
|  mcu_wrapper/MCU_i/clkgen/inst/OCLK100                           | mcu_wrapper/MCU_i/uart/U0/UARTLITE_CORE_I/BAUD_RATE_I/en_16x_Baud                                                                                                                                           | mcu_wrapper/MCU_i/uart/U0/UARTLITE_CORE_I/UARTLITE_RX_I/SERIAL_TO_PARALLEL[8].fifo_din[8]_i_1_n_0                                                      |                2 |              7 |
|  mcu_wrapper/MCU_i/clkgen/inst/OCLK100                           | mcu_wrapper/MCU_i/gpio_ledsw/U0/AXI_LITE_IPIF_I/I_SLAVE_ATTACHMENT/bus2ip_addr_i[8]_i_1_n_0                                                                                                                 | mcu_wrapper/MCU_i/gpio_ledsw/U0/bus2ip_reset                                                                                                           |                2 |              8 |
|  mcu_wrapper/MCU_i/clkgen/inst/OCLK100                           | mcu_wrapper/MCU_i/timer/U0/AXI4_LITE_I/I_SLAVE_ATTACHMENT/I_DECODER/bus2ip_wrce[0]                                                                                                                          | mcu_wrapper/MCU_i/timer/U0/TC_CORE_I/GEN_SECOND_TIMER.COUNTER_1_I/COUNTER_I/INFERRED_GEN.icount_out_reg[31]_0                                          |                2 |              8 |
|  mcu_wrapper/MCU_i/clkgen/inst/OCLK100                           | mcu_wrapper/MCU_i/intr/U0/AXI_LITE_IPIF_I/I_SLAVE_ATTACHMENT/bus2ip_addr_i[8]_i_1_n_0                                                                                                                       | mcu_wrapper/MCU_i/intr/U0/AXI_LITE_IPIF_I/I_SLAVE_ATTACHMENT/rst                                                                                       |                3 |              8 |
|  mcu_wrapper/MCU_i/clkgen/inst/OCLK100                           | mcu_wrapper/MCU_i/uart/U0/UARTLITE_CORE_I/UARTLITE_RX_I/SRL_FIFO_I/I_SRL_FIFO_RBU_F/DYNSHREG_F_I/fifo_wr                                                                                                    |                                                                                                                                                        |                1 |              8 |
| ~mcu_wrapper/MCU_i/mdm/U0/Use_E2.BSCAN_I/Ext_JTAG_UPDATE         | mcu_wrapper/MCU_i/mdm/U0/MDM_Core_I1/JTAG_CONTROL_I/Use_BSCAN.command[0]_i_1_n_0                                                                                                                            |                                                                                                                                                        |                2 |              8 |
|  mcu_wrapper/MCU_i/clkgen/inst/OCLK100                           | mcu_wrapper/MCU_i/uart/U0/AXI_LITE_IPIF_I/I_SLAVE_ATTACHMENT/s_axi_rresp_i                                                                                                                                  | mcu_wrapper/MCU_i/uart/U0/AXI_LITE_IPIF_I/I_SLAVE_ATTACHMENT/rst                                                                                       |                3 |              8 |
|  mcu_wrapper/MCU_i/clkgen/inst/OCLK100                           | mcu_wrapper/MCU_i/uart/U0/AXI_LITE_IPIF_I/I_SLAVE_ATTACHMENT/I_DECODER/fifo_wr                                                                                                                              |                                                                                                                                                        |                1 |              8 |
|  mcu_wrapper/MCU_i/mdm/U0/No_Dbg_Reg_Access.BUFG_DRCK/Dbg_Clk_31 | mcu_wrapper/MCU_i/mdm/U0/MDM_Core_I1/JTAG_CONTROL_I/tdi_shifter0                                                                                                                                            |                                                                                                                                                        |                1 |              8 |
|  mcu_wrapper/MCU_i/mdm/U0/Use_E2.BSCAN_I/Ext_JTAG_UPDATE         | mcu_wrapper/MCU_i/mdm/U0/MDM_Core_I1/JTAG_CONTROL_I/Use_BSCAN.FDC_I/command_1_reg[7]_0[0]                                                                                                                   |                                                                                                                                                        |                2 |              8 |
|  mcu_wrapper/MCU_i/clkgen/inst/OCLK10                            |                                                                                                                                                                                                             | gen40kHz/r_div[7]_i_1_n_0                                                                                                                              |                2 |              8 |
|  mcu_wrapper/MCU_i/clkgen/inst/OCLK100                           | mcu_wrapper/MCU_i/gpio_ledsw/U0/AXI_LITE_IPIF_I/I_SLAVE_ATTACHMENT/I_DECODER/Dual.gpio2_OE_reg[0][0]                                                                                                        | mcu_wrapper/MCU_i/gpio_ledsw/U0/bus2ip_reset                                                                                                           |                1 |              8 |
|  mcu_wrapper/MCU_i/mdm/U0/No_Dbg_Reg_Access.BUFG_DRCK/Dbg_Clk_31 | mcu_wrapper/MCU_i/mbcore/U0/MicroBlaze_Core_I/Performance.Core/Use_Debug_Logic.Master_Core.Debug_Perf/Using_PC_Breakpoints.All_PC_Brks[0].Serial_Interface_1.address_hit_I/Compare[0].SRLC16E_I/which_pc__0 |                                                                                                                                                        |                7 |              8 |
|  mcu_wrapper/MCU_i/clkgen/inst/OCLK100                           | mcu_wrapper/MCU_i/timer/U0/AXI4_LITE_I/I_SLAVE_ATTACHMENT/I_DECODER/bus2ip_wrce[1]                                                                                                                          | mcu_wrapper/MCU_i/timer/U0/TC_CORE_I/GEN_SECOND_TIMER.COUNTER_1_I/COUNTER_I/INFERRED_GEN.icount_out_reg[31]_0                                          |                3 |              9 |
|  mcu_wrapper/MCU_i/clkgen/inst/OCLK100                           | mcu_wrapper/MCU_i/gpio_ledsw/U0/AXI_LITE_IPIF_I/I_SLAVE_ATTACHMENT/s_axi_rresp_i                                                                                                                            | mcu_wrapper/MCU_i/gpio_ledsw/U0/bus2ip_reset                                                                                                           |                2 |             10 |
|  mcu_wrapper/MCU_i/clkgen/inst/OCLK100                           |                                                                                                                                                                                                             | mcu_wrapper/MCU_i/uart/U0/AXI_LITE_IPIF_I/I_SLAVE_ATTACHMENT/rst                                                                                       |                5 |             10 |
|  mcu_wrapper/MCU_i/mdm/U0/No_Dbg_Reg_Access.BUFG_DRCK/Dbg_Clk_31 | mcu_wrapper/MCU_i/mdm/U0/MDM_Core_I1/JTAG_CONTROL_I/Use_BSCAN.FDC_I/E[0]                                                                                                                                    |                                                                                                                                                        |                4 |             10 |
|  mcu_wrapper/MCU_i/clkgen/inst/OCLK100                           |                                                                                                                                                                                                             | mcu_wrapper/MCU_i/timer/U0/AXI4_LITE_I/I_SLAVE_ATTACHMENT/rst                                                                                          |                4 |             11 |
|  mcu_wrapper/MCU_i/clkgen/inst/OCLK100                           |                                                                                                                                                                                                             | mcu_wrapper/MCU_i/intr/U0/AXI_LITE_IPIF_I/I_SLAVE_ATTACHMENT/rst                                                                                       |                5 |             11 |
|  mcu_wrapper/MCU_i/clkgen/inst/OCLK100                           |                                                                                                                                                                                                             | mcu_wrapper/MCU_i/timer/U0/TC_CORE_I/GEN_SECOND_TIMER.COUNTER_1_I/COUNTER_I/INFERRED_GEN.icount_out_reg[31]_0                                          |                5 |             12 |
|  mcu_wrapper/MCU_i/clkgen/inst/OCLK100                           | mcu_wrapper/MCU_i/gpio_ledsw/U0/AXI_LITE_IPIF_I/I_SLAVE_ATTACHMENT/I_DECODER/E[0]                                                                                                                           | mcu_wrapper/MCU_i/gpio_ledsw/U0/bus2ip_reset                                                                                                           |                3 |             13 |
|  mcu_wrapper/MCU_i/clkgen/inst/OCLK100                           |                                                                                                                                                                                                             | mcu_wrapper/MCU_i/conn/xbar/inst/gen_sasd.crossbar_sasd_0/addr_arbiter_inst/SR[0]                                                                      |                4 |             13 |
|  mcu_wrapper/MCU_i/clkgen/inst/OCLK100                           |                                                                                                                                                                                                             | mcu_wrapper/MCU_i/intr/U0/INTC_CORE_I/p_0_in                                                                                                           |                3 |             14 |
|  mcu_wrapper/MCU_i/clkgen/inst/OCLK100                           | mcu_wrapper/MCU_i/mbcore/U0/MicroBlaze_Core_I/Performance.Core/Decode_I/PreFetch_Buffer_I1/Instruction_Prefetch_Mux[4].Gen_Instr_DFF/E[0]                                                                   | mcu_wrapper/MCU_i/mbcore/U0/MicroBlaze_Core_I/sync_reset                                                                                               |                4 |             16 |
|  mcu_wrapper/MCU_i/clkgen/inst/OCLK100                           |                                                                                                                                                                                                             | mcu_wrapper/MCU_i/gpio_ledsw/U0/AXI_LITE_IPIF_I/I_SLAVE_ATTACHMENT/I_DECODER/Dual.ALLOUT0_ND_G1.READ_REG_GEN[0].reg1_reg[24]_0                         |                3 |             16 |
|  mcu_wrapper/MCU_i/clkgen/inst/OCLK100                           | mcu_wrapper/MCU_i/intr/U0/AXI_LITE_IPIF_I/I_SLAVE_ATTACHMENT/start2                                                                                                                                         | mcu_wrapper/MCU_i/intr/U0/AXI_LITE_IPIF_I/I_SLAVE_ATTACHMENT/I_DECODER/cs_ce_clr                                                                       |                4 |             17 |
|  mcu_wrapper/MCU_i/clkgen/inst/OCLK100                           | mcu_wrapper/MCU_i/gpio_ledsw/U0/AXI_LITE_IPIF_I/I_SLAVE_ATTACHMENT/start2                                                                                                                                   | mcu_wrapper/MCU_i/gpio_ledsw/U0/AXI_LITE_IPIF_I/I_SLAVE_ATTACHMENT/I_DECODER/cs_ce_clr                                                                 |                5 |             21 |
|  mcu_wrapper/MCU_i/clkgen/inst/OCLK100                           | mcu_wrapper/MCU_i/mbcore/U0/MicroBlaze_Core_I/Performance.Core/mem_databus_ready_sel_carry_or/MUXCY_I/lopt_4                                                                                                | mcu_wrapper/MCU_i/mbcore/U0/MicroBlaze_Core_I/sync_reset                                                                                               |                8 |             21 |
|  mcu_wrapper/MCU_i/clkgen/inst/OCLK100                           | mcu_wrapper/MCU_i/conn/xbar/inst/gen_sasd.crossbar_sasd_0/addr_arbiter_inst/p_0_in1_in                                                                                                                      | mcu_wrapper/MCU_i/conn/xbar/inst/gen_sasd.crossbar_sasd_0/addr_arbiter_inst/SR[0]                                                                      |                5 |             23 |
|  mcu_wrapper/MCU_i/mdm/U0/No_Dbg_Reg_Access.BUFG_DRCK/Dbg_Clk_31 |                                                                                                                                                                                                             | mcu_wrapper/MCU_i/mdm/U0/Use_E2.BSCAN_I/shift_n_reset                                                                                                  |                5 |             23 |
|  mcu_wrapper/MCU_i/clkgen/inst/OCLK100                           | mcu_wrapper/MCU_i/uart/U0/UARTLITE_CORE_I/BAUD_RATE_I/en_16x_Baud                                                                                                                                           | mcu_wrapper/MCU_i/uart/U0/UARTLITE_CORE_I/UARTLITE_RX_I/data_shift_reg[15]_0                                                                           |                8 |             28 |
|  mcu_wrapper/MCU_i/clkgen/inst/OCLK100                           |                                                                                                                                                                                                             | mcu_wrapper/MCU_i/uart/U0/UARTLITE_CORE_I/UARTLITE_RX_I/data_shift_reg[15]_0                                                                           |                9 |             31 |
|  mcu_wrapper/MCU_i/clkgen/inst/OCLK100                           | mcu_wrapper/MCU_i/gpio_revhw/U0/AXI_LITE_IPIF_I/I_SLAVE_ATTACHMENT/I_DECODER/E[0]                                                                                                                           | mcu_wrapper/MCU_i/gpio_revhw/U0/AXI_LITE_IPIF_I/I_SLAVE_ATTACHMENT/SR[0]                                                                               |               10 |             32 |
|  mcu_wrapper/MCU_i/clkgen/inst/OCLK100                           | mcu_wrapper/MCU_i/timer/U0/AXI4_LITE_I/I_SLAVE_ATTACHMENT/s_axi_rresp_i                                                                                                                                     | mcu_wrapper/MCU_i/timer/U0/AXI4_LITE_I/I_SLAVE_ATTACHMENT/rst                                                                                          |               32 |             32 |
|  mcu_wrapper/MCU_i/clkgen/inst/OCLK100                           |                                                                                                                                                                                                             | mcu_wrapper/MCU_i/gpio_revhw/U0/AXI_LITE_IPIF_I/I_SLAVE_ATTACHMENT/I_DECODER/Not_Dual.ALLIN1_ND.READ_REG_GEN[0].reg1_reg[0]                            |               13 |             32 |
|  mcu_wrapper/MCU_i/clkgen/inst/OCLK100                           | mcu_wrapper/MCU_i/mbcore/U0/MicroBlaze_Core_I/Performance.Core/mem_databus_ready_sel_carry_or/MUXCY_I/lopt_4                                                                                                | mcu_wrapper/MCU_i/mbcore/U0/MicroBlaze_Core_I/Performance.Core/Decode_I/SR[0]                                                                          |                7 |             32 |
|  mcu_wrapper/MCU_i/clkgen/inst/OCLK100                           | mcu_wrapper/MCU_i/mbcore/U0/MicroBlaze_Core_I/Performance.Core/mem_databus_ready_sel_carry_or/MUXCY_I/lopt_4                                                                                                |                                                                                                                                                        |                8 |             32 |
|  mcu_wrapper/MCU_i/clkgen/inst/OCLK100                           | mcu_wrapper/MCU_i/mbcore/U0/MicroBlaze_Core_I/Performance.Core/Use_Debug_Logic.Master_Core.Debug_Perf/data_rd_reg[0]_i_1_n_0                                                                                | mcu_wrapper/MCU_i/mbcore/U0/MicroBlaze_Core_I/sync_reset                                                                                               |               12 |             32 |
|  mcu_wrapper/MCU_i/clkgen/inst/OCLK100                           | mcu_wrapper/MCU_i/mbcore/U0/MicroBlaze_Core_I/Performance.Core/Decode_I/Use_MuxCy[3].OF_Piperun_Stage/MUXCY_I/E[0]                                                                                          | mcu_wrapper/MCU_i/mbcore/U0/MicroBlaze_Core_I/sync_reset                                                                                               |                8 |             32 |
|  mcu_wrapper/MCU_i/clkgen/inst/OCLK100                           | mcu_wrapper/MCU_i/timer/U0/TC_CORE_I/TIMER_CONTROL_I/INPUT_DOUBLE_REGS3/INFERRED_GEN.icount_out_reg[0]_0                                                                                                    | mcu_wrapper/MCU_i/timer/U0/TC_CORE_I/GEN_SECOND_TIMER.COUNTER_1_I/COUNTER_I/INFERRED_GEN.icount_out_reg[31]_0                                          |                5 |             32 |
|  mcu_wrapper/MCU_i/clkgen/inst/OCLK100                           | mcu_wrapper/MCU_i/timer/U0/TC_CORE_I/TIMER_CONTROL_I/INPUT_DOUBLE_REGS3/INFERRED_GEN.icount_out_reg[0]                                                                                                      | mcu_wrapper/MCU_i/timer/U0/TC_CORE_I/GEN_SECOND_TIMER.COUNTER_1_I/COUNTER_I/INFERRED_GEN.icount_out_reg[31]_0                                          |                5 |             32 |
|  mcu_wrapper/MCU_i/clkgen/inst/OCLK100                           | mcu_wrapper/MCU_i/timer/U0/TC_CORE_I/TIMER_CONTROL_I/CE                                                                                                                                                     | mcu_wrapper/MCU_i/timer/U0/TC_CORE_I/GEN_SECOND_TIMER.COUNTER_1_I/COUNTER_I/INFERRED_GEN.icount_out_reg[31]_0                                          |               10 |             32 |
|  mcu_wrapper/MCU_i/clkgen/inst/OCLK100                           |                                                                                                                                                                                                             | mcu_wrapper/MCU_i/mbcore/U0/MicroBlaze_Core_I/Performance.Core/p_1_out                                                                                 |               12 |             32 |
|  mcu_wrapper/MCU_i/clkgen/inst/OCLK100                           | mcu_wrapper/MCU_i/timer/U0/TC_CORE_I/TIMER_CONTROL_I/CE_0                                                                                                                                                   | mcu_wrapper/MCU_i/timer/U0/TC_CORE_I/GEN_SECOND_TIMER.COUNTER_1_I/COUNTER_I/INFERRED_GEN.icount_out_reg[31]_0                                          |               10 |             32 |
|  mcu_wrapper/MCU_i/clkgen/inst/OCLK100                           | mcu_wrapper/MCU_i/conn/xbar/inst/gen_sasd.crossbar_sasd_0/addr_arbiter_inst/s_axi_rvalid[0]                                                                                                                 | mcu_wrapper/MCU_i/mbcore/U0/MicroBlaze_Core_I/sync_reset                                                                                               |                8 |             32 |
|  mcu_wrapper/MCU_i/clkgen/inst/OCLK100                           | mcu_wrapper/MCU_i/mbcore/U0/MicroBlaze_Core_I/Performance.Core/Decode_I/Use_MuxCy[2].OF_Piperun_Stage/MUXCY_I/lopt_1                                                                                        | mcu_wrapper/MCU_i/mbcore/U0/MicroBlaze_Core_I/Performance.Core/Decode_I/R                                                                              |               15 |             32 |
|  mcu_wrapper/MCU_i/clkgen/inst/OCLK100                           | mcu_wrapper/MCU_i/mbcore/U0/MicroBlaze_Core_I/Performance.Core/Decode_I/PreFetch_Buffer_I1/Gen_Mux_Select_LUT6[2].Gen_Sel_DFF/if_pc_reg[0][0]                                                               | mcu_wrapper/MCU_i/mbcore/U0/MicroBlaze_Core_I/sync_reset                                                                                               |               10 |             32 |
|  mcu_wrapper/MCU_i/clkgen/inst/OCLK100                           | mcu_wrapper/MCU_i/gpio_revhw/U0/AXI_LITE_IPIF_I/I_SLAVE_ATTACHMENT/s_axi_rresp_i                                                                                                                            | mcu_wrapper/MCU_i/gpio_revhw/U0/AXI_LITE_IPIF_I/I_SLAVE_ATTACHMENT/SR[0]                                                                               |               11 |             32 |
|  mcu_wrapper/MCU_i/mdm/U0/No_Dbg_Reg_Access.BUFG_DRCK/Dbg_Clk_31 | mcu_wrapper/MCU_i/mbcore/U0/MicroBlaze_Core_I/Performance.Core/Use_Debug_Logic.Master_Core.Debug_Perf/New_Dbg_Instr_TCK                                                                                     |                                                                                                                                                        |                7 |             32 |
|  mcu_wrapper/MCU_i/clkgen/inst/OCLK10                            |                                                                                                                                                                                                             |                                                                                                                                                        |                9 |             33 |
|  mcu_wrapper/MCU_i/clkgen/inst/OCLK100                           | mcu_wrapper/MCU_i/conn/xbar/inst/gen_sasd.crossbar_sasd_0/addr_arbiter_inst/E[0]                                                                                                                            |                                                                                                                                                        |                8 |             33 |
|  mcu_wrapper/MCU_i/clkgen/inst/OCLK100                           | mcu_wrapper/MCU_i/conn/xbar/inst/gen_sasd.crossbar_sasd_0/reg_slice_r/aa_rready                                                                                                                             |                                                                                                                                                        |                9 |             33 |
|  mcu_wrapper/MCU_i/clkgen/inst/OCLK100                           |                                                                                                                                                                                                             | mcu_wrapper/MCU_i/gpio_revhw/U0/AXI_LITE_IPIF_I/I_SLAVE_ATTACHMENT/SR[0]                                                                               |               16 |             47 |
|  mcu_wrapper/MCU_i/mdm/U0/No_Dbg_Reg_Access.BUFG_DRCK/Dbg_Clk_31 | mcu_wrapper/MCU_i/mdm/U0/Use_E2.BSCAN_I/Dbg_Capture_0                                                                                                                                                       |                                                                                                                                                        |               12 |             47 |
|  mcu_wrapper/MCU_i/clkgen/inst/OCLK100                           |                                                                                                                                                                                                             | mcu_wrapper/MCU_i/gpio_ledsw/U0/bus2ip_reset                                                                                                           |               19 |             61 |
|  mcu_wrapper/MCU_i/clkgen/inst/OCLK100                           | mcu_wrapper/MCU_i/mbcore/U0/MicroBlaze_Core_I/Performance.Core/Decode_I/PreFetch_Buffer_I1/Instruction_Prefetch_Mux[42].Instr_Mux_MUXF7/Using_FPGA.Native_0                                                 |                                                                                                                                                        |               10 |             75 |
|  mcu_wrapper/MCU_i/clkgen/inst/OCLK100                           | mcu_wrapper/MCU_i/mbcore/U0/MicroBlaze_Core_I/Performance.Core/Decode_I/Use_MuxCy[2].OF_Piperun_Stage/MUXCY_I/lopt_1                                                                                        | mcu_wrapper/MCU_i/mbcore/U0/MicroBlaze_Core_I/sync_reset                                                                                               |               29 |             80 |
|  mcu_wrapper/MCU_i/mdm/U0/No_Dbg_Reg_Access.BUFG_DRCK/Dbg_Clk_31 |                                                                                                                                                                                                             |                                                                                                                                                        |               28 |             80 |
|  mcu_wrapper/MCU_i/clkgen/inst/OCLK100                           | mcu_wrapper/MCU_i/mbcore/U0/MicroBlaze_Core_I/Performance.Core/Decode_I/mb_halted_1_reg[24]                                                                                                                 |                                                                                                                                                        |               16 |            128 |
|  mcu_wrapper/MCU_i/clkgen/inst/OCLK100                           |                                                                                                                                                                                                             | mcu_wrapper/MCU_i/mbcore/U0/MicroBlaze_Core_I/sync_reset                                                                                               |               66 |            153 |
|  mcu_wrapper/MCU_i/clkgen/inst/OCLK100                           | mcu_wrapper/MCU_i/mbcore/U0/MicroBlaze_Core_I/Performance.Core/Decode_I/Use_MuxCy[10].OF_Piperun_Stage/MUXCY_I/lopt_1                                                                                       | mcu_wrapper/MCU_i/mbcore/U0/MicroBlaze_Core_I/sync_reset                                                                                               |               80 |            221 |
|  mcu_wrapper/MCU_i/clkgen/inst/OCLK100                           |                                                                                                                                                                                                             |                                                                                                                                                        |              130 |            383 |
+------------------------------------------------------------------+-------------------------------------------------------------------------------------------------------------------------------------------------------------------------------------------------------------+--------------------------------------------------------------------------------------------------------------------------------------------------------+------------------+----------------+


