16:01:57 **** Build of configuration Debug for project DISP3D_bsp_xgpio_example_1 ****
make all 
'Building file: ../src/xgpio_example.c'
'Invoking: MicroBlaze gcc compiler'
mb-gcc -Wall -O0 -g3 -c -fmessage-length=0 -MT"src/xgpio_example.o" -I../../DISP3D_bsp/mbcore/include -mlittle-endian -mcpu=v10.0 -mxl-soft-mul -Wl,--no-relax -ffunction-sections -fdata-sections -MMD -MP -MF"src/xgpio_example.d" -MT"src/xgpio_example.o" -o "src/xgpio_example.o" "../src/xgpio_example.c"
'Finished building: ../src/xgpio_example.c'
' '
'Building target: DISP3D_bsp_xgpio_example_1.elf'
'Invoking: MicroBlaze gcc linker'
mb-gcc -Wl,-T -Wl,../src/lscript.ld -L../../DISP3D_bsp/mbcore/lib -mlittle-endian -mcpu=v10.0 -mxl-soft-mul -Wl,--no-relax -Wl,--gc-sections -o "DISP3D_bsp_xgpio_example_1.elf"  ./src/xgpio_example.o   -Wl,--start-group,-lxil,-lgcc,-lc,--end-group
'Finished building target: DISP3D_bsp_xgpio_example_1.elf'
' '
'Invoking: MicroBlaze Print Size'
mb-size DISP3D_bsp_xgpio_example_1.elf  |tee "DISP3D_bsp_xgpio_example_1.elf.size"
   text	   data	    bss	    dec	    hex	filename
   7192	    372	   3132	  10696	   29c8	DISP3D_bsp_xgpio_example_1.elf
'Finished building: DISP3D_bsp_xgpio_example_1.elf.size'
' '

16:01:59 Build Finished (took 1s.211ms)

