21:18:22 **** Build of project DISP3D_bsp ****
make -k all 
"Running Make include in mbcore/libsrc/bram_v4_2/src"
make -C mbcore/libsrc/bram_v4_2/src -s include  "SHELL=CMD" "COMPILER=mb-gcc" "ARCHIVER=mb-ar" "COMPILER_FLAGS= -O2 -c -mcpu=v10.0 -mlittle-endian -mxl-soft-mul" "EXTRA_COMPILER_FLAGS=-ffunction-sections -fdata-sections -Wall -Wextra"
"Running Make include in mbcore/libsrc/cpu_v2_6/src"
make -C mbcore/libsrc/cpu_v2_6/src -s include  "SHELL=CMD" "COMPILER=mb-gcc" "ARCHIVER=mb-ar" "COMPILER_FLAGS= -O2 -c -mcpu=v10.0 -mlittle-endian -mxl-soft-mul" "EXTRA_COMPILER_FLAGS=-ffunction-sections -fdata-sections -Wall -Wextra"
"Running Make include in mbcore/libsrc/intc_v3_7/src"
make -C mbcore/libsrc/intc_v3_7/src -s include  "SHELL=CMD" "COMPILER=mb-gcc" "ARCHIVER=mb-ar" "COMPILER_FLAGS= -O2 -c -mcpu=v10.0 -mlittle-endian -mxl-soft-mul" "EXTRA_COMPILER_FLAGS=-ffunction-sections -fdata-sections -Wall -Wextra"
"Running Make include in mbcore/libsrc/standalone_v6_6/src"
make -C mbcore/libsrc/standalone_v6_6/src -s include  "SHELL=CMD" "COMPILER=mb-gcc" "ARCHIVER=mb-ar" "COMPILER_FLAGS= -O2 -c -mcpu=v10.0 -mlittle-endian -mxl-soft-mul" "EXTRA_COMPILER_FLAGS=-ffunction-sections -fdata-sections -Wall -Wextra"
"Running Make include in mbcore/libsrc/uartlite_v3_2/src"
make -C mbcore/libsrc/uartlite_v3_2/src -s include  "SHELL=CMD" "COMPILER=mb-gcc" "ARCHIVER=mb-ar" "COMPILER_FLAGS= -O2 -c -mcpu=v10.0 -mlittle-endian -mxl-soft-mul" "EXTRA_COMPILER_FLAGS=-ffunction-sections -fdata-sections -Wall -Wextra"
"Running Make libs in mbcore/libsrc/bram_v4_2/src"
make -C mbcore/libsrc/bram_v4_2/src -s libs  "SHELL=CMD" "COMPILER=mb-gcc" "ARCHIVER=mb-ar" "COMPILER_FLAGS= -O2 -c -mcpu=v10.0 -mlittle-endian -mxl-soft-mul" "EXTRA_COMPILER_FLAGS=-ffunction-sections -fdata-sections -Wall -Wextra"
"Compiling bram"
mb-ar: creating ../../../lib/libxil.a
"Running Make libs in mbcore/libsrc/cpu_v2_6/src"
make -C mbcore/libsrc/cpu_v2_6/src -s libs  "SHELL=CMD" "COMPILER=mb-gcc" "ARCHIVER=mb-ar" "COMPILER_FLAGS= -O2 -c -mcpu=v10.0 -mlittle-endian -mxl-soft-mul" "EXTRA_COMPILER_FLAGS=-ffunction-sections -fdata-sections -Wall -Wextra"
"Compiling cpu"
"Running Make libs in mbcore/libsrc/intc_v3_7/src"
make -C mbcore/libsrc/intc_v3_7/src -s libs  "SHELL=CMD" "COMPILER=mb-gcc" "ARCHIVER=mb-ar" "COMPILER_FLAGS= -O2 -c -mcpu=v10.0 -mlittle-endian -mxl-soft-mul" "EXTRA_COMPILER_FLAGS=-ffunction-sections -fdata-sections -Wall -Wextra"
"Compiling intc"
"Running Make libs in mbcore/libsrc/standalone_v6_6/src"
make -C mbcore/libsrc/standalone_v6_6/src -s libs  "SHELL=CMD" "COMPILER=mb-gcc" "ARCHIVER=mb-ar" "COMPILER_FLAGS= -O2 -c -mcpu=v10.0 -mlittle-endian -mxl-soft-mul" "EXTRA_COMPILER_FLAGS=-ffunction-sections -fdata-sections -Wall -Wextra"
"Compiling standalone";
microblaze_sleep.c:74:9: note: #pragma message: For the sleep routines, assembly instructions are used
 #pragma message ("For the sleep routines, assembly instructions are used")
         ^~~~~~~
"Running Make libs in mbcore/libsrc/uartlite_v3_2/src"
make -C mbcore/libsrc/uartlite_v3_2/src -s libs  "SHELL=CMD" "COMPILER=mb-gcc" "ARCHIVER=mb-ar" "COMPILER_FLAGS= -O2 -c -mcpu=v10.0 -mlittle-endian -mxl-soft-mul" "EXTRA_COMPILER_FLAGS=-ffunction-sections -fdata-sections -Wall -Wextra"
"Compiling uartlite"
'Finished building libraries'
21:18:34 **** Build of configuration Debug for project DISP3D ****
make all 
'Building file: ../src/main.cc'
'Invoking: MicroBlaze g++ compiler'
mb-g++ -Wall -O0 -g3 -c -fmessage-length=0 -MT"src/main.o" -I../../DISP3D_bsp/mbcore/include -mlittle-endian -mcpu=v10.0 -mxl-soft-mul -Wl,--no-relax -ffunction-sections -fdata-sections -MMD -MP -MF"src/main.d" -MT"src/main.o" -o "src/main.o" "../src/main.cc"
'Finished building: ../src/main.cc'
' '
'Building target: DISP3D.elf'
'Invoking: MicroBlaze g++ linker'
mb-g++ -Wl,-T -Wl,../src/lscript.ld -L../../DISP3D_bsp/mbcore/lib -mlittle-endian -mcpu=v10.0 -mxl-soft-mul -Wl,--no-relax -Wl,--gc-sections -o "DISP3D.elf"  ./src/main.o   -Wl,--start-group,-lxil,-lgcc,-lc,-lstdc++,--end-group
'Finished building target: DISP3D.elf'
' '
'Invoking: MicroBlaze Print Size'
mb-size DISP3D.elf  |tee "DISP3D.elf.size"
   text	   data	    bss	    dec	    hex	filename
   2352	    308	   3108	   5768	   1688	DISP3D.elf
'Finished building: DISP3D.elf.size'
' '
21:20:26 **** Auto Build of configuration Debug for project DISP3D ****
make all 
'Building file: ../src/main.cc'
'Invoking: MicroBlaze g++ compiler'
mb-g++ -Wall -O0 -g3 -c -fmessage-length=0 -MT"src/main.o" -I../../DISP3D_bsp/mbcore/include -mlittle-endian -mcpu=v10.0 -mxl-soft-mul -Wl,--no-relax -ffunction-sections -fdata-sections -MMD -MP -MF"src/main.d" -MT"src/main.o" -o "src/main.o" "../src/main.cc"
'Finished building: ../src/main.cc'
' '
'Building target: DISP3D.elf'
'Invoking: MicroBlaze g++ linker'
mb-g++ -Wl,-T -Wl,../src/lscript.ld -L../../DISP3D_bsp/mbcore/lib -mlittle-endian -mcpu=v10.0 -mxl-soft-mul -Wl,--no-relax -Wl,--gc-sections -o "DISP3D.elf"  ./src/main.o   -Wl,--start-group,-lxil,-lgcc,-lc,-lstdc++,--end-group
'Finished building target: DISP3D.elf'
' '
'Invoking: MicroBlaze Print Size'
mb-size DISP3D.elf  |tee "DISP3D.elf.size"
   text	   data	    bss	    dec	    hex	filename
   2352	    308	   3108	   5768	   1688	DISP3D.elf
'Finished building: DISP3D.elf.size'
' '
21:21:01 **** Auto Build of configuration Debug for project DISP3D ****
make all 
'Building file: ../src/main.cc'
'Invoking: MicroBlaze g++ compiler'
mb-g++ -Wall -O0 -g3 -c -fmessage-length=0 -MT"src/main.o" -I../../DISP3D_bsp/mbcore/include -mlittle-endian -mcpu=v10.0 -mxl-soft-mul -Wl,--no-relax -ffunction-sections -fdata-sections -MMD -MP -MF"src/main.d" -MT"src/main.o" -o "src/main.o" "../src/main.cc"
'Finished building: ../src/main.cc'
' '
'Building target: DISP3D.elf'
'Invoking: MicroBlaze g++ linker'
mb-g++ -Wl,-T -Wl,../src/lscript.ld -L../../DISP3D_bsp/mbcore/lib -mlittle-endian -mcpu=v10.0 -mxl-soft-mul -Wl,--no-relax -Wl,--gc-sections -o "DISP3D.elf"  ./src/main.o   -Wl,--start-group,-lxil,-lgcc,-lc,-lstdc++,--end-group
'Finished building target: DISP3D.elf'
' '
'Invoking: MicroBlaze Print Size'
mb-size DISP3D.elf  |tee "DISP3D.elf.size"
   text	   data	    bss	    dec	    hex	filename
   5804	    312	   3108	   9224	   2408	DISP3D.elf
'Finished building: DISP3D.elf.size'
' '
21:21:22 **** Auto Build of configuration Debug for project DISP3D ****
make all 
'Building file: ../src/main.cc'
'Invoking: MicroBlaze g++ compiler'
mb-g++ -Wall -O0 -g3 -c -fmessage-length=0 -MT"src/main.o" -I../../DISP3D_bsp/mbcore/include -mlittle-endian -mcpu=v10.0 -mxl-soft-mul -Wl,--no-relax -ffunction-sections -fdata-sections -MMD -MP -MF"src/main.d" -MT"src/main.o" -o "src/main.o" "../src/main.cc"
'Finished building: ../src/main.cc'
' '
'Building target: DISP3D.elf'
'Invoking: MicroBlaze g++ linker'
mb-g++ -Wl,-T -Wl,../src/lscript.ld -L../../DISP3D_bsp/mbcore/lib -mlittle-endian -mcpu=v10.0 -mxl-soft-mul -Wl,--no-relax -Wl,--gc-sections -o "DISP3D.elf"  ./src/main.o   -Wl,--start-group,-lxil,-lgcc,-lc,-lstdc++,--end-group
'Finished building target: DISP3D.elf'
' '
'Invoking: MicroBlaze Print Size'
mb-size DISP3D.elf  |tee "DISP3D.elf.size"
   text	   data	    bss	    dec	    hex	filename
   5832	    312	   3104	   9248	   2420	DISP3D.elf
'Finished building: DISP3D.elf.size'
' '
21:23:22 **** Incremental Build of configuration Debug for project DISP3D ****
make all 
make: `all' に対して行うべき事はありません.
21:34:59 **** Incremental Build of configuration Debug for project DISP3D ****
make all 
'Building file: ../src/main.cc'
'Invoking: MicroBlaze g++ compiler'
mb-g++ -Wall -O0 -g3 -c -fmessage-length=0 -MT"src/main.o" -I../../DISP3D_bsp/mbcore/include -mlittle-endian -mcpu=v10.0 -mxl-soft-mul -Wl,--no-relax -ffunction-sections -fdata-sections -MMD -MP -MF"src/main.d" -MT"src/main.o" -o "src/main.o" "../src/main.cc"
../src/main.cc:4:10: fatal error: xil_printf.h: No such file or directory
 #include <xil_printf.h>
          ^~~~~~~~~~~~~~
compilation terminated.
make: *** [src/main.o] エラー 1
21:35:04 **** Incremental Build of configuration Debug for project DISP3D ****
make all 
'Building file: ../src/main.cc'
'Invoking: MicroBlaze g++ compiler'
mb-g++ -Wall -O0 -g3 -c -fmessage-length=0 -MT"src/main.o" -I../../DISP3D_bsp/mbcore/include -mlittle-endian -mcpu=v10.0 -mxl-soft-mul -Wl,--no-relax -ffunction-sections -fdata-sections -MMD -MP -MF"src/main.d" -MT"src/main.o" -o "src/main.o" "../src/main.cc"
../src/main.cc:4:10: fatal error: xil_printf.h: No such file or directory
 #include <xil_printf.h>
          ^~~~~~~~~~~~~~
compilation terminated.
make: *** [src/main.o] エラー 1
21:36:01 **** Auto Build of project DISP3D_bsp ****
make -k all 
"Running Make include in mbcore/libsrc/bram_v4_2/src"
make -C mbcore/libsrc/bram_v4_2/src -s include  "SHELL=CMD" "COMPILER=mb-gcc" "ARCHIVER=mb-ar" "COMPILER_FLAGS= -O2 -c -mcpu=v10.0 -mlittle-endian -mxl-soft-mul" "EXTRA_COMPILER_FLAGS=-ffunction-sections -fdata-sections -Wall -Wextra"
"Running Make include in mbcore/libsrc/cpu_v2_6/src"
make -C mbcore/libsrc/cpu_v2_6/src -s include  "SHELL=CMD" "COMPILER=mb-gcc" "ARCHIVER=mb-ar" "COMPILER_FLAGS= -O2 -c -mcpu=v10.0 -mlittle-endian -mxl-soft-mul" "EXTRA_COMPILER_FLAGS=-ffunction-sections -fdata-sections -Wall -Wextra"
"Running Make include in mbcore/libsrc/intc_v3_7/src"
make -C mbcore/libsrc/intc_v3_7/src -s include  "SHELL=CMD" "COMPILER=mb-gcc" "ARCHIVER=mb-ar" "COMPILER_FLAGS= -O2 -c -mcpu=v10.0 -mlittle-endian -mxl-soft-mul" "EXTRA_COMPILER_FLAGS=-ffunction-sections -fdata-sections -Wall -Wextra"
"Running Make include in mbcore/libsrc/standalone_v6_6/src"
make -C mbcore/libsrc/standalone_v6_6/src -s include  "SHELL=CMD" "COMPILER=mb-gcc" "ARCHIVER=mb-ar" "COMPILER_FLAGS= -O2 -c -mcpu=v10.0 -mlittle-endian -mxl-soft-mul" "EXTRA_COMPILER_FLAGS=-ffunction-sections -fdata-sections -Wall -Wextra"
"Running Make include in mbcore/libsrc/uartlite_v3_2/src"
make -C mbcore/libsrc/uartlite_v3_2/src -s include  "SHELL=CMD" "COMPILER=mb-gcc" "ARCHIVER=mb-ar" "COMPILER_FLAGS= -O2 -c -mcpu=v10.0 -mlittle-endian -mxl-soft-mul" "EXTRA_COMPILER_FLAGS=-ffunction-sections -fdata-sections -Wall -Wextra"
"Running Make libs in mbcore/libsrc/bram_v4_2/src"
make -C mbcore/libsrc/bram_v4_2/src -s libs  "SHELL=CMD" "COMPILER=mb-gcc" "ARCHIVER=mb-ar" "COMPILER_FLAGS= -O2 -c -mcpu=v10.0 -mlittle-endian -mxl-soft-mul" "EXTRA_COMPILER_FLAGS=-ffunction-sections -fdata-sections -Wall -Wextra"
"Compiling bram"
mb-ar: creating ../../../lib/libxil.a
"Running Make libs in mbcore/libsrc/cpu_v2_6/src"
make -C mbcore/libsrc/cpu_v2_6/src -s libs  "SHELL=CMD" "COMPILER=mb-gcc" "ARCHIVER=mb-ar" "COMPILER_FLAGS= -O2 -c -mcpu=v10.0 -mlittle-endian -mxl-soft-mul" "EXTRA_COMPILER_FLAGS=-ffunction-sections -fdata-sections -Wall -Wextra"
"Compiling cpu"
"Running Make libs in mbcore/libsrc/intc_v3_7/src"
make -C mbcore/libsrc/intc_v3_7/src -s libs  "SHELL=CMD" "COMPILER=mb-gcc" "ARCHIVER=mb-ar" "COMPILER_FLAGS= -O2 -c -mcpu=v10.0 -mlittle-endian -mxl-soft-mul" "EXTRA_COMPILER_FLAGS=-ffunction-sections -fdata-sections -Wall -Wextra"
"Compiling intc"
"Running Make libs in mbcore/libsrc/standalone_v6_6/src"
make -C mbcore/libsrc/standalone_v6_6/src -s libs  "SHELL=CMD" "COMPILER=mb-gcc" "ARCHIVER=mb-ar" "COMPILER_FLAGS= -O2 -c -mcpu=v10.0 -mlittle-endian -mxl-soft-mul" "EXTRA_COMPILER_FLAGS=-ffunction-sections -fdata-sections -Wall -Wextra"
"Compiling standalone";
microblaze_sleep.c:74:9: note: #pragma message: For the sleep routines, assembly instructions are used
 #pragma message ("For the sleep routines, assembly instructions are used")
         ^~~~~~~
"Running Make libs in mbcore/libsrc/uartlite_v3_2/src"
make -C mbcore/libsrc/uartlite_v3_2/src -s libs  "SHELL=CMD" "COMPILER=mb-gcc" "ARCHIVER=mb-ar" "COMPILER_FLAGS= -O2 -c -mcpu=v10.0 -mlittle-endian -mxl-soft-mul" "EXTRA_COMPILER_FLAGS=-ffunction-sections -fdata-sections -Wall -Wextra"
"Compiling uartlite"
'Finished building libraries'
21:36:08 **** Auto Build of configuration Debug for project DISP3D ****
make all 
'Building file: ../src/main.cc'
'Invoking: MicroBlaze g++ compiler'
mb-g++ -Wall -O0 -g3 -c -fmessage-length=0 -MT"src/main.o" -I../../DISP3D_bsp/mbcore/include -mlittle-endian -mcpu=v10.0 -mxl-soft-mul -Wl,--no-relax -ffunction-sections -fdata-sections -MMD -MP -MF"src/main.d" -MT"src/main.o" -o "src/main.o" "../src/main.cc"
'Finished building: ../src/main.cc'
' '
'Building target: DISP3D.elf'
'Invoking: MicroBlaze g++ linker'
mb-g++ -Wl,-T -Wl,../src/lscript.ld -L../../DISP3D_bsp/mbcore/lib -mlittle-endian -mcpu=v10.0 -mxl-soft-mul -Wl,--no-relax -Wl,--gc-sections -o "DISP3D.elf"  ./src/main.o   -Wl,--start-group,-lxil,-lgcc,-lc,-lstdc++,--end-group
'Finished building target: DISP3D.elf'
' '
'Invoking: MicroBlaze Print Size'
mb-size DISP3D.elf  |tee "DISP3D.elf.size"
   text	   data	    bss	    dec	    hex	filename
   5832	    312	   3104	   9248	   2420	DISP3D.elf
'Finished building: DISP3D.elf.size'
' '
21:36:14 **** Incremental Build of configuration Debug for project DISP3D ****
make all 
make: `all' に対して行うべき事はありません.
22:19:52 **** Auto Build of project DISP3D_bsp ****
make -k all 
"Running Make include in mbcore/libsrc/bram_v4_2/src"
make -C mbcore/libsrc/bram_v4_2/src -s include  "SHELL=CMD" "COMPILER=mb-gcc" "ARCHIVER=mb-ar" "COMPILER_FLAGS= -O2 -c -mcpu=v10.0 -mlittle-endian -mxl-soft-mul" "EXTRA_COMPILER_FLAGS=-ffunction-sections -fdata-sections -Wall -Wextra"
"Running Make include in mbcore/libsrc/cpu_v2_6/src"
make -C mbcore/libsrc/cpu_v2_6/src -s include  "SHELL=CMD" "COMPILER=mb-gcc" "ARCHIVER=mb-ar" "COMPILER_FLAGS= -O2 -c -mcpu=v10.0 -mlittle-endian -mxl-soft-mul" "EXTRA_COMPILER_FLAGS=-ffunction-sections -fdata-sections -Wall -Wextra"
"Running Make include in mbcore/libsrc/intc_v3_7/src"
make -C mbcore/libsrc/intc_v3_7/src -s include  "SHELL=CMD" "COMPILER=mb-gcc" "ARCHIVER=mb-ar" "COMPILER_FLAGS= -O2 -c -mcpu=v10.0 -mlittle-endian -mxl-soft-mul" "EXTRA_COMPILER_FLAGS=-ffunction-sections -fdata-sections -Wall -Wextra"
"Running Make include in mbcore/libsrc/standalone_v6_6/src"
make -C mbcore/libsrc/standalone_v6_6/src -s include  "SHELL=CMD" "COMPILER=mb-gcc" "ARCHIVER=mb-ar" "COMPILER_FLAGS= -O2 -c -mcpu=v10.0 -mlittle-endian -mxl-soft-mul" "EXTRA_COMPILER_FLAGS=-ffunction-sections -fdata-sections -Wall -Wextra"
"Running Make include in mbcore/libsrc/uartlite_v3_2/src"
make -C mbcore/libsrc/uartlite_v3_2/src -s include  "SHELL=CMD" "COMPILER=mb-gcc" "ARCHIVER=mb-ar" "COMPILER_FLAGS= -O2 -c -mcpu=v10.0 -mlittle-endian -mxl-soft-mul" "EXTRA_COMPILER_FLAGS=-ffunction-sections -fdata-sections -Wall -Wextra"
"Running Make libs in mbcore/libsrc/bram_v4_2/src"
make -C mbcore/libsrc/bram_v4_2/src -s libs  "SHELL=CMD" "COMPILER=mb-gcc" "ARCHIVER=mb-ar" "COMPILER_FLAGS= -O2 -c -mcpu=v10.0 -mlittle-endian -mxl-soft-mul" "EXTRA_COMPILER_FLAGS=-ffunction-sections -fdata-sections -Wall -Wextra"
"Compiling bram"
mb-ar: creating ../../../lib/libxil.a
"Running Make libs in mbcore/libsrc/cpu_v2_6/src"
make -C mbcore/libsrc/cpu_v2_6/src -s libs  "SHELL=CMD" "COMPILER=mb-gcc" "ARCHIVER=mb-ar" "COMPILER_FLAGS= -O2 -c -mcpu=v10.0 -mlittle-endian -mxl-soft-mul" "EXTRA_COMPILER_FLAGS=-ffunction-sections -fdata-sections -Wall -Wextra"
"Compiling cpu"
"Running Make libs in mbcore/libsrc/intc_v3_7/src"
make -C mbcore/libsrc/intc_v3_7/src -s libs  "SHELL=CMD" "COMPILER=mb-gcc" "ARCHIVER=mb-ar" "COMPILER_FLAGS= -O2 -c -mcpu=v10.0 -mlittle-endian -mxl-soft-mul" "EXTRA_COMPILER_FLAGS=-ffunction-sections -fdata-sections -Wall -Wextra"
"Compiling intc"
"Running Make libs in mbcore/libsrc/standalone_v6_6/src"
make -C mbcore/libsrc/standalone_v6_6/src -s libs  "SHELL=CMD" "COMPILER=mb-gcc" "ARCHIVER=mb-ar" "COMPILER_FLAGS= -O2 -c -mcpu=v10.0 -mlittle-endian -mxl-soft-mul" "EXTRA_COMPILER_FLAGS=-ffunction-sections -fdata-sections -Wall -Wextra"
"Compiling standalone";
microblaze_sleep.c:74:9: note: #pragma message: For the sleep routines, assembly instructions are used
 #pragma message ("For the sleep routines, assembly instructions are used")
         ^~~~~~~
"Running Make libs in mbcore/libsrc/uartlite_v3_2/src"
make -C mbcore/libsrc/uartlite_v3_2/src -s libs  "SHELL=CMD" "COMPILER=mb-gcc" "ARCHIVER=mb-ar" "COMPILER_FLAGS= -O2 -c -mcpu=v10.0 -mlittle-endian -mxl-soft-mul" "EXTRA_COMPILER_FLAGS=-ffunction-sections -fdata-sections -Wall -Wextra"
"Compiling uartlite"
'Finished building libraries'
22:19:59 **** Incremental Build of configuration Debug for project DISP3D ****
make all 
'Building file: ../src/main.cc'
'Invoking: MicroBlaze g++ compiler'
mb-g++ -Wall -O0 -g3 -c -fmessage-length=0 -MT"src/main.o" -I../../DISP3D_bsp/mbcore/include -mlittle-endian -mcpu=v10.0 -mxl-soft-mul -Wl,--no-relax -ffunction-sections -fdata-sections -MMD -MP -MF"src/main.d" -MT"src/main.o" -o "src/main.o" "../src/main.cc"
'Finished building: ../src/main.cc'
' '
'Building target: DISP3D.elf'
'Invoking: MicroBlaze g++ linker'
mb-g++ -Wl,-T -Wl,../src/lscript.ld -L../../DISP3D_bsp/mbcore/lib -mlittle-endian -mcpu=v10.0 -mxl-soft-mul -Wl,--no-relax -Wl,--gc-sections -o "DISP3D.elf"  ./src/main.o   -Wl,--start-group,-lxil,-lgcc,-lc,-lstdc++,--end-group
'Finished building target: DISP3D.elf'
' '
'Invoking: MicroBlaze Print Size'
mb-size DISP3D.elf  |tee "DISP3D.elf.size"
   text	   data	    bss	    dec	    hex	filename
   5832	    312	   3104	   9248	   2420	DISP3D.elf
'Finished building: DISP3D.elf.size'
' '
22:20:03 **** Incremental Build of configuration Debug for project DISP3D ****
make all 
make: `all' に対して行うべき事はありません.
22:20:32 **** Incremental Build of configuration Debug for project DISP3D ****
make all 
make: `all' に対して行うべき事はありません.
22:21:23 **** Incremental Build of configuration Debug for project DISP3D ****
make all 
make: `all' に対して行うべき事はありません.
22:21:48 **** Incremental Build of configuration Debug for project DISP3D ****
make all 
make: `all' に対して行うべき事はありません.
22:25:07 **** Incremental Build of configuration Debug for project DISP3D ****
make all 
make: `all' に対して行うべき事はありません.
22:26:31 **** Incremental Build of configuration Debug for project DISP3D ****
make all 
make: `all' に対して行うべき事はありません.
22:39:40 **** Auto Build of project DISP3D_bsp ****
make -k all 
"Running Make include in mbcore/libsrc/bram_v4_2/src"
make -C mbcore/libsrc/bram_v4_2/src -s include  "SHELL=CMD" "COMPILER=mb-gcc" "ARCHIVER=mb-ar" "COMPILER_FLAGS= -O2 -c -mcpu=v10.0 -mlittle-endian -mxl-soft-mul" "EXTRA_COMPILER_FLAGS=-ffunction-sections -fdata-sections -Wall -Wextra"
"Running Make include in mbcore/libsrc/cpu_v2_6/src"
make -C mbcore/libsrc/cpu_v2_6/src -s include  "SHELL=CMD" "COMPILER=mb-gcc" "ARCHIVER=mb-ar" "COMPILER_FLAGS= -O2 -c -mcpu=v10.0 -mlittle-endian -mxl-soft-mul" "EXTRA_COMPILER_FLAGS=-ffunction-sections -fdata-sections -Wall -Wextra"
"Running Make include in mbcore/libsrc/intc_v3_7/src"
make -C mbcore/libsrc/intc_v3_7/src -s include  "SHELL=CMD" "COMPILER=mb-gcc" "ARCHIVER=mb-ar" "COMPILER_FLAGS= -O2 -c -mcpu=v10.0 -mlittle-endian -mxl-soft-mul" "EXTRA_COMPILER_FLAGS=-ffunction-sections -fdata-sections -Wall -Wextra"
"Running Make include in mbcore/libsrc/standalone_v6_6/src"
make -C mbcore/libsrc/standalone_v6_6/src -s include  "SHELL=CMD" "COMPILER=mb-gcc" "ARCHIVER=mb-ar" "COMPILER_FLAGS= -O2 -c -mcpu=v10.0 -mlittle-endian -mxl-soft-mul" "EXTRA_COMPILER_FLAGS=-ffunction-sections -fdata-sections -Wall -Wextra"
"Running Make include in mbcore/libsrc/uartlite_v3_2/src"
make -C mbcore/libsrc/uartlite_v3_2/src -s include  "SHELL=CMD" "COMPILER=mb-gcc" "ARCHIVER=mb-ar" "COMPILER_FLAGS= -O2 -c -mcpu=v10.0 -mlittle-endian -mxl-soft-mul" "EXTRA_COMPILER_FLAGS=-ffunction-sections -fdata-sections -Wall -Wextra"
"Running Make libs in mbcore/libsrc/bram_v4_2/src"
make -C mbcore/libsrc/bram_v4_2/src -s libs  "SHELL=CMD" "COMPILER=mb-gcc" "ARCHIVER=mb-ar" "COMPILER_FLAGS= -O2 -c -mcpu=v10.0 -mlittle-endian -mxl-soft-mul" "EXTRA_COMPILER_FLAGS=-ffunction-sections -fdata-sections -Wall -Wextra"
"Compiling bram"
mb-ar: creating ../../../lib/libxil.a
"Running Make libs in mbcore/libsrc/cpu_v2_6/src"
make -C mbcore/libsrc/cpu_v2_6/src -s libs  "SHELL=CMD" "COMPILER=mb-gcc" "ARCHIVER=mb-ar" "COMPILER_FLAGS= -O2 -c -mcpu=v10.0 -mlittle-endian -mxl-soft-mul" "EXTRA_COMPILER_FLAGS=-ffunction-sections -fdata-sections -Wall -Wextra"
"Compiling cpu"
"Running Make libs in mbcore/libsrc/intc_v3_7/src"
make -C mbcore/libsrc/intc_v3_7/src -s libs  "SHELL=CMD" "COMPILER=mb-gcc" "ARCHIVER=mb-ar" "COMPILER_FLAGS= -O2 -c -mcpu=v10.0 -mlittle-endian -mxl-soft-mul" "EXTRA_COMPILER_FLAGS=-ffunction-sections -fdata-sections -Wall -Wextra"
"Compiling intc"
"Running Make libs in mbcore/libsrc/standalone_v6_6/src"
make -C mbcore/libsrc/standalone_v6_6/src -s libs  "SHELL=CMD" "COMPILER=mb-gcc" "ARCHIVER=mb-ar" "COMPILER_FLAGS= -O2 -c -mcpu=v10.0 -mlittle-endian -mxl-soft-mul" "EXTRA_COMPILER_FLAGS=-ffunction-sections -fdata-sections -Wall -Wextra"
"Compiling standalone";
microblaze_sleep.c:74:9: note: #pragma message: For the sleep routines, assembly instructions are used
 #pragma message ("For the sleep routines, assembly instructions are used")
         ^~~~~~~
"Running Make libs in mbcore/libsrc/uartlite_v3_2/src"
make -C mbcore/libsrc/uartlite_v3_2/src -s libs  "SHELL=CMD" "COMPILER=mb-gcc" "ARCHIVER=mb-ar" "COMPILER_FLAGS= -O2 -c -mcpu=v10.0 -mlittle-endian -mxl-soft-mul" "EXTRA_COMPILER_FLAGS=-ffunction-sections -fdata-sections -Wall -Wextra"
"Compiling uartlite"
'Finished building libraries'
22:39:47 **** Auto Build of configuration Debug for project DISP3D ****
make all 
'Building file: ../src/main.cc'
'Invoking: MicroBlaze g++ compiler'
mb-g++ -Wall -O0 -g3 -c -fmessage-length=0 -MT"src/main.o" -I../../DISP3D_bsp/mbcore/include -mlittle-endian -mcpu=v10.0 -mxl-soft-mul -Wl,--no-relax -ffunction-sections -fdata-sections -MMD -MP -MF"src/main.d" -MT"src/main.o" -o "src/main.o" "../src/main.cc"
'Finished building: ../src/main.cc'
' '
'Building target: DISP3D.elf'
'Invoking: MicroBlaze g++ linker'
mb-g++ -Wl,-T -Wl,../src/lscript.ld -L../../DISP3D_bsp/mbcore/lib -mlittle-endian -mcpu=v10.0 -mxl-soft-mul -Wl,--no-relax -Wl,--gc-sections -o "DISP3D.elf"  ./src/main.o   -Wl,--start-group,-lxil,-lgcc,-lc,-lstdc++,--end-group
'Finished building target: DISP3D.elf'
' '
'Invoking: MicroBlaze Print Size'
mb-size DISP3D.elf  |tee "DISP3D.elf.size"
   text	   data	    bss	    dec	    hex	filename
   5832	    312	   3104	   9248	   2420	DISP3D.elf
'Finished building: DISP3D.elf.size'
' '
22:40:02 **** Incremental Build of configuration Debug for project DISP3D ****
make all 
make: `all' に対して行うべき事はありません.
23:07:28 **** Auto Build of project DISP3D_bsp ****
make -k all 
"Running Make include in mbcore/libsrc/bram_v4_2/src"
make -C mbcore/libsrc/bram_v4_2/src -s include  "SHELL=CMD" "COMPILER=mb-gcc" "ARCHIVER=mb-ar" "COMPILER_FLAGS= -O2 -c -mcpu=v10.0 -mlittle-endian -mxl-soft-mul" "EXTRA_COMPILER_FLAGS=-ffunction-sections -fdata-sections -Wall -Wextra"
"Running Make include in mbcore/libsrc/cpu_v2_6/src"
make -C mbcore/libsrc/cpu_v2_6/src -s include  "SHELL=CMD" "COMPILER=mb-gcc" "ARCHIVER=mb-ar" "COMPILER_FLAGS= -O2 -c -mcpu=v10.0 -mlittle-endian -mxl-soft-mul" "EXTRA_COMPILER_FLAGS=-ffunction-sections -fdata-sections -Wall -Wextra"
"Running Make include in mbcore/libsrc/intc_v3_7/src"
make -C mbcore/libsrc/intc_v3_7/src -s include  "SHELL=CMD" "COMPILER=mb-gcc" "ARCHIVER=mb-ar" "COMPILER_FLAGS= -O2 -c -mcpu=v10.0 -mlittle-endian -mxl-soft-mul" "EXTRA_COMPILER_FLAGS=-ffunction-sections -fdata-sections -Wall -Wextra"
"Running Make include in mbcore/libsrc/standalone_v6_6/src"
make -C mbcore/libsrc/standalone_v6_6/src -s include  "SHELL=CMD" "COMPILER=mb-gcc" "ARCHIVER=mb-ar" "COMPILER_FLAGS= -O2 -c -mcpu=v10.0 -mlittle-endian -mxl-soft-mul" "EXTRA_COMPILER_FLAGS=-ffunction-sections -fdata-sections -Wall -Wextra"
"Running Make include in mbcore/libsrc/uartlite_v3_2/src"
make -C mbcore/libsrc/uartlite_v3_2/src -s include  "SHELL=CMD" "COMPILER=mb-gcc" "ARCHIVER=mb-ar" "COMPILER_FLAGS= -O2 -c -mcpu=v10.0 -mlittle-endian -mxl-soft-mul" "EXTRA_COMPILER_FLAGS=-ffunction-sections -fdata-sections -Wall -Wextra"
"Running Make libs in mbcore/libsrc/bram_v4_2/src"
make -C mbcore/libsrc/bram_v4_2/src -s libs  "SHELL=CMD" "COMPILER=mb-gcc" "ARCHIVER=mb-ar" "COMPILER_FLAGS= -O2 -c -mcpu=v10.0 -mlittle-endian -mxl-soft-mul" "EXTRA_COMPILER_FLAGS=-ffunction-sections -fdata-sections -Wall -Wextra"
"Compiling bram"
mb-ar: creating ../../../lib/libxil.a
"Running Make libs in mbcore/libsrc/cpu_v2_6/src"
make -C mbcore/libsrc/cpu_v2_6/src -s libs  "SHELL=CMD" "COMPILER=mb-gcc" "ARCHIVER=mb-ar" "COMPILER_FLAGS= -O2 -c -mcpu=v10.0 -mlittle-endian -mxl-soft-mul" "EXTRA_COMPILER_FLAGS=-ffunction-sections -fdata-sections -Wall -Wextra"
"Compiling cpu"
"Running Make libs in mbcore/libsrc/intc_v3_7/src"
make -C mbcore/libsrc/intc_v3_7/src -s libs  "SHELL=CMD" "COMPILER=mb-gcc" "ARCHIVER=mb-ar" "COMPILER_FLAGS= -O2 -c -mcpu=v10.0 -mlittle-endian -mxl-soft-mul" "EXTRA_COMPILER_FLAGS=-ffunction-sections -fdata-sections -Wall -Wextra"
"Compiling intc"
"Running Make libs in mbcore/libsrc/standalone_v6_6/src"
make -C mbcore/libsrc/standalone_v6_6/src -s libs  "SHELL=CMD" "COMPILER=mb-gcc" "ARCHIVER=mb-ar" "COMPILER_FLAGS= -O2 -c -mcpu=v10.0 -mlittle-endian -mxl-soft-mul" "EXTRA_COMPILER_FLAGS=-ffunction-sections -fdata-sections -Wall -Wextra"
"Compiling standalone";
microblaze_sleep.c:74:9: note: #pragma message: For the sleep routines, assembly instructions are used
 #pragma message ("For the sleep routines, assembly instructions are used")
         ^~~~~~~
"Running Make libs in mbcore/libsrc/uartlite_v3_2/src"
make -C mbcore/libsrc/uartlite_v3_2/src -s libs  "SHELL=CMD" "COMPILER=mb-gcc" "ARCHIVER=mb-ar" "COMPILER_FLAGS= -O2 -c -mcpu=v10.0 -mlittle-endian -mxl-soft-mul" "EXTRA_COMPILER_FLAGS=-ffunction-sections -fdata-sections -Wall -Wextra"
"Compiling uartlite"
'Finished building libraries'
23:07:35 **** Auto Build of configuration Debug for project DISP3D ****
make all 
'Building file: ../src/main.cc'
'Invoking: MicroBlaze g++ compiler'
mb-g++ -Wall -O0 -g3 -c -fmessage-length=0 -MT"src/main.o" -I../../DISP3D_bsp/mbcore/include -mlittle-endian -mcpu=v10.0 -mxl-soft-mul -Wl,--no-relax -ffunction-sections -fdata-sections -MMD -MP -MF"src/main.d" -MT"src/main.o" -o "src/main.o" "../src/main.cc"
'Finished building: ../src/main.cc'
' '
'Building target: DISP3D.elf'
'Invoking: MicroBlaze g++ linker'
mb-g++ -Wl,-T -Wl,../src/lscript.ld -L../../DISP3D_bsp/mbcore/lib -mlittle-endian -mcpu=v10.0 -mxl-soft-mul -Wl,--no-relax -Wl,--gc-sections -o "DISP3D.elf"  ./src/main.o   -Wl,--start-group,-lxil,-lgcc,-lc,-lstdc++,--end-group
'Finished building target: DISP3D.elf'
' '
'Invoking: MicroBlaze Print Size'
mb-size DISP3D.elf  |tee "DISP3D.elf.size"
   text	   data	    bss	    dec	    hex	filename
   5832	    312	   3104	   9248	   2420	DISP3D.elf
'Finished building: DISP3D.elf.size'
' '
23:07:36 **** Incremental Build of configuration Debug for project DISP3D ****
make all 
make: `all' に対して行うべき事はありません.
11:58:39 **** Auto Build of configuration Debug for project DISP3D ****
make all 
'Building file: ../src/main.cc'
'Invoking: MicroBlaze g++ compiler'
mb-g++ -Wall -O0 -g3 -c -fmessage-length=0 -MT"src/main.o" -I../../DISP3D_bsp/mbcore/include -mlittle-endian -mcpu=v10.0 -mxl-soft-mul -Wl,--no-relax -ffunction-sections -fdata-sections -MMD -MP -MF"src/main.d" -MT"src/main.o" -o "src/main.o" "../src/main.cc"
../src/main.cc:4:10: fatal error: xil_printf.h: No such file or directory
 #include <xil_printf.h>
          ^~~~~~~~~~~~~~
compilation terminated.
make: *** [src/main.o] エラー 1
11:58:52 **** Auto Build of project DISP3D_bsp ****
make -k all 
"Running Make include in mbcore/libsrc/bram_v4_2/src"
make -C mbcore/libsrc/bram_v4_2/src -s include  "SHELL=CMD" "COMPILER=mb-gcc" "ARCHIVER=mb-ar" "COMPILER_FLAGS= -O2 -c -mcpu=v10.0 -mlittle-endian -mxl-soft-mul" "EXTRA_COMPILER_FLAGS=-ffunction-sections -fdata-sections -Wall -Wextra"
"Running Make include in mbcore/libsrc/cpu_v2_6/src"
make -C mbcore/libsrc/cpu_v2_6/src -s include  "SHELL=CMD" "COMPILER=mb-gcc" "ARCHIVER=mb-ar" "COMPILER_FLAGS= -O2 -c -mcpu=v10.0 -mlittle-endian -mxl-soft-mul" "EXTRA_COMPILER_FLAGS=-ffunction-sections -fdata-sections -Wall -Wextra"
"Running Make include in mbcore/libsrc/gpio_v4_3/src"
make -C mbcore/libsrc/gpio_v4_3/src -s include  "SHELL=CMD" "COMPILER=mb-gcc" "ARCHIVER=mb-ar" "COMPILER_FLAGS= -O2 -c -mcpu=v10.0 -mlittle-endian -mxl-soft-mul" "EXTRA_COMPILER_FLAGS=-ffunction-sections -fdata-sections -Wall -Wextra"
"Running Make include in mbcore/libsrc/intc_v3_7/src"
make -C mbcore/libsrc/intc_v3_7/src -s include  "SHELL=CMD" "COMPILER=mb-gcc" "ARCHIVER=mb-ar" "COMPILER_FLAGS= -O2 -c -mcpu=v10.0 -mlittle-endian -mxl-soft-mul" "EXTRA_COMPILER_FLAGS=-ffunction-sections -fdata-sections -Wall -Wextra"
"Running Make include in mbcore/libsrc/standalone_v6_6/src"
make -C mbcore/libsrc/standalone_v6_6/src -s include  "SHELL=CMD" "COMPILER=mb-gcc" "ARCHIVER=mb-ar" "COMPILER_FLAGS= -O2 -c -mcpu=v10.0 -mlittle-endian -mxl-soft-mul" "EXTRA_COMPILER_FLAGS=-ffunction-sections -fdata-sections -Wall -Wextra"
"Running Make include in mbcore/libsrc/uartlite_v3_2/src"
make -C mbcore/libsrc/uartlite_v3_2/src -s include  "SHELL=CMD" "COMPILER=mb-gcc" "ARCHIVER=mb-ar" "COMPILER_FLAGS= -O2 -c -mcpu=v10.0 -mlittle-endian -mxl-soft-mul" "EXTRA_COMPILER_FLAGS=-ffunction-sections -fdata-sections -Wall -Wextra"
"Running Make libs in mbcore/libsrc/bram_v4_2/src"
make -C mbcore/libsrc/bram_v4_2/src -s libs  "SHELL=CMD" "COMPILER=mb-gcc" "ARCHIVER=mb-ar" "COMPILER_FLAGS= -O2 -c -mcpu=v10.0 -mlittle-endian -mxl-soft-mul" "EXTRA_COMPILER_FLAGS=-ffunction-sections -fdata-sections -Wall -Wextra"
"Compiling bram"
mb-ar: creating ../../../lib/libxil.a
"Running Make libs in mbcore/libsrc/cpu_v2_6/src"
make -C mbcore/libsrc/cpu_v2_6/src -s libs  "SHELL=CMD" "COMPILER=mb-gcc" "ARCHIVER=mb-ar" "COMPILER_FLAGS= -O2 -c -mcpu=v10.0 -mlittle-endian -mxl-soft-mul" "EXTRA_COMPILER_FLAGS=-ffunction-sections -fdata-sections -Wall -Wextra"
"Compiling cpu"
"Running Make libs in mbcore/libsrc/gpio_v4_3/src"
make -C mbcore/libsrc/gpio_v4_3/src -s libs  "SHELL=CMD" "COMPILER=mb-gcc" "ARCHIVER=mb-ar" "COMPILER_FLAGS= -O2 -c -mcpu=v10.0 -mlittle-endian -mxl-soft-mul" "EXTRA_COMPILER_FLAGS=-ffunction-sections -fdata-sections -Wall -Wextra"
"Compiling gpio"
"Running Make libs in mbcore/libsrc/intc_v3_7/src"
make -C mbcore/libsrc/intc_v3_7/src -s libs  "SHELL=CMD" "COMPILER=mb-gcc" "ARCHIVER=mb-ar" "COMPILER_FLAGS= -O2 -c -mcpu=v10.0 -mlittle-endian -mxl-soft-mul" "EXTRA_COMPILER_FLAGS=-ffunction-sections -fdata-sections -Wall -Wextra"
"Compiling intc"
"Running Make libs in mbcore/libsrc/standalone_v6_6/src"
make -C mbcore/libsrc/standalone_v6_6/src -s libs  "SHELL=CMD" "COMPILER=mb-gcc" "ARCHIVER=mb-ar" "COMPILER_FLAGS= -O2 -c -mcpu=v10.0 -mlittle-endian -mxl-soft-mul" "EXTRA_COMPILER_FLAGS=-ffunction-sections -fdata-sections -Wall -Wextra"
"Compiling standalone";
microblaze_sleep.c:74:9: note: #pragma message: For the sleep routines, assembly instructions are used
 #pragma message ("For the sleep routines, assembly instructions are used")
         ^~~~~~~
"Running Make libs in mbcore/libsrc/uartlite_v3_2/src"
make -C mbcore/libsrc/uartlite_v3_2/src -s libs  "SHELL=CMD" "COMPILER=mb-gcc" "ARCHIVER=mb-ar" "COMPILER_FLAGS= -O2 -c -mcpu=v10.0 -mlittle-endian -mxl-soft-mul" "EXTRA_COMPILER_FLAGS=-ffunction-sections -fdata-sections -Wall -Wextra"
"Compiling uartlite"
'Finished building libraries'
11:58:59 **** Auto Build of configuration Debug for project DISP3D ****
make all 
'Building file: ../src/main.cc'
'Invoking: MicroBlaze g++ compiler'
mb-g++ -Wall -O0 -g3 -c -fmessage-length=0 -MT"src/main.o" -I../../DISP3D_bsp/mbcore/include -mlittle-endian -mcpu=v10.0 -mxl-soft-mul -Wl,--no-relax -ffunction-sections -fdata-sections -MMD -MP -MF"src/main.d" -MT"src/main.o" -o "src/main.o" "../src/main.cc"
'Finished building: ../src/main.cc'
' '
'Building target: DISP3D.elf'
'Invoking: MicroBlaze g++ linker'
mb-g++ -Wl,-T -Wl,../src/lscript.ld -L../../DISP3D_bsp/mbcore/lib -mlittle-endian -mcpu=v10.0 -mxl-soft-mul -Wl,--no-relax -Wl,--gc-sections -o "DISP3D.elf"  ./src/main.o   -Wl,--start-group,-lxil,-lgcc,-lc,-lstdc++,--end-group
'Finished building target: DISP3D.elf'
' '
'Invoking: MicroBlaze Print Size'
mb-size DISP3D.elf  |tee "DISP3D.elf.size"
   text	   data	    bss	    dec	    hex	filename
   5824	    312	   3104	   9240	   2418	DISP3D.elf
'Finished building: DISP3D.elf.size'
' '
12:00:04 **** Auto Build of configuration Debug for project DISP3D ****
make all 
'Building file: ../src/main.cc'
'Invoking: MicroBlaze g++ compiler'
mb-g++ -Wall -O0 -g3 -c -fmessage-length=0 -MT"src/main.o" -I../../DISP3D_bsp/mbcore/include -mlittle-endian -mcpu=v10.0 -mxl-soft-mul -Wl,--no-relax -ffunction-sections -fdata-sections -MMD -MP -MF"src/main.d" -MT"src/main.o" -o "src/main.o" "../src/main.cc"
'Finished building: ../src/main.cc'
' '
'Building target: DISP3D.elf'
'Invoking: MicroBlaze g++ linker'
mb-g++ -Wl,-T -Wl,../src/lscript.ld -L../../DISP3D_bsp/mbcore/lib -mlittle-endian -mcpu=v10.0 -mxl-soft-mul -Wl,--no-relax -Wl,--gc-sections -o "DISP3D.elf"  ./src/main.o   -Wl,--start-group,-lxil,-lgcc,-lc,-lstdc++,--end-group
'Finished building target: DISP3D.elf'
' '
'Invoking: MicroBlaze Print Size'
mb-size DISP3D.elf  |tee "DISP3D.elf.size"
   text	   data	    bss	    dec	    hex	filename
   5824	    312	   3104	   9240	   2418	DISP3D.elf
'Finished building: DISP3D.elf.size'
' '
12:00:44 **** Auto Build of configuration Debug for project DISP3D ****
make all 
'Building file: ../src/main.cc'
'Invoking: MicroBlaze g++ compiler'
mb-g++ -Wall -O0 -g3 -c -fmessage-length=0 -MT"src/main.o" -I../../DISP3D_bsp/mbcore/include -mlittle-endian -mcpu=v10.0 -mxl-soft-mul -Wl,--no-relax -ffunction-sections -fdata-sections -MMD -MP -MF"src/main.d" -MT"src/main.o" -o "src/main.o" "../src/main.cc"
'Finished building: ../src/main.cc'
' '
'Building target: DISP3D.elf'
'Invoking: MicroBlaze g++ linker'
mb-g++ -Wl,-T -Wl,../src/lscript.ld -L../../DISP3D_bsp/mbcore/lib -mlittle-endian -mcpu=v10.0 -mxl-soft-mul -Wl,--no-relax -Wl,--gc-sections -o "DISP3D.elf"  ./src/main.o   -Wl,--start-group,-lxil,-lgcc,-lc,-lstdc++,--end-group
'Finished building target: DISP3D.elf'
' '
'Invoking: MicroBlaze Print Size'
mb-size DISP3D.elf  |tee "DISP3D.elf.size"
   text	   data	    bss	    dec	    hex	filename
   5824	    312	   3104	   9240	   2418	DISP3D.elf
'Finished building: DISP3D.elf.size'
' '
12:01:37 **** Auto Build of configuration Debug for project DISP3D ****
make all 
'Building file: ../src/main.cc'
'Invoking: MicroBlaze g++ compiler'
mb-g++ -Wall -O0 -g3 -c -fmessage-length=0 -MT"src/main.o" -I../../DISP3D_bsp/mbcore/include -mlittle-endian -mcpu=v10.0 -mxl-soft-mul -Wl,--no-relax -ffunction-sections -fdata-sections -MMD -MP -MF"src/main.d" -MT"src/main.o" -o "src/main.o" "../src/main.cc"
'Finished building: ../src/main.cc'
' '
'Building target: DISP3D.elf'
'Invoking: MicroBlaze g++ linker'
mb-g++ -Wl,-T -Wl,../src/lscript.ld -L../../DISP3D_bsp/mbcore/lib -mlittle-endian -mcpu=v10.0 -mxl-soft-mul -Wl,--no-relax -Wl,--gc-sections -o "DISP3D.elf"  ./src/main.o   -Wl,--start-group,-lxil,-lgcc,-lc,-lstdc++,--end-group
'Finished building target: DISP3D.elf'
' '
'Invoking: MicroBlaze Print Size'
mb-size DISP3D.elf  |tee "DISP3D.elf.size"
   text	   data	    bss	    dec	    hex	filename
   5824	    312	   3104	   9240	   2418	DISP3D.elf
'Finished building: DISP3D.elf.size'
' '
13:47:11 **** Auto Build of project DISP3D_bsp ****
make -k all 
"Running Make include in mbcore/libsrc/bram_v4_2/src"
make -C mbcore/libsrc/bram_v4_2/src -s include  "SHELL=CMD" "COMPILER=mb-gcc" "ARCHIVER=mb-ar" "COMPILER_FLAGS= -O2 -c -mcpu=v10.0 -mlittle-endian -mxl-soft-mul" "EXTRA_COMPILER_FLAGS=-ffunction-sections -fdata-sections -Wall -Wextra"
"Running Make include in mbcore/libsrc/cpu_v2_6/src"
make -C mbcore/libsrc/cpu_v2_6/src -s include  "SHELL=CMD" "COMPILER=mb-gcc" "ARCHIVER=mb-ar" "COMPILER_FLAGS= -O2 -c -mcpu=v10.0 -mlittle-endian -mxl-soft-mul" "EXTRA_COMPILER_FLAGS=-ffunction-sections -fdata-sections -Wall -Wextra"
"Running Make include in mbcore/libsrc/gpio_v4_3/src"
make -C mbcore/libsrc/gpio_v4_3/src -s include  "SHELL=CMD" "COMPILER=mb-gcc" "ARCHIVER=mb-ar" "COMPILER_FLAGS= -O2 -c -mcpu=v10.0 -mlittle-endian -mxl-soft-mul" "EXTRA_COMPILER_FLAGS=-ffunction-sections -fdata-sections -Wall -Wextra"
"Running Make include in mbcore/libsrc/intc_v3_7/src"
make -C mbcore/libsrc/intc_v3_7/src -s include  "SHELL=CMD" "COMPILER=mb-gcc" "ARCHIVER=mb-ar" "COMPILER_FLAGS= -O2 -c -mcpu=v10.0 -mlittle-endian -mxl-soft-mul" "EXTRA_COMPILER_FLAGS=-ffunction-sections -fdata-sections -Wall -Wextra"
"Running Make include in mbcore/libsrc/standalone_v6_6/src"
make -C mbcore/libsrc/standalone_v6_6/src -s include  "SHELL=CMD" "COMPILER=mb-gcc" "ARCHIVER=mb-ar" "COMPILER_FLAGS= -O2 -c -mcpu=v10.0 -mlittle-endian -mxl-soft-mul" "EXTRA_COMPILER_FLAGS=-ffunction-sections -fdata-sections -Wall -Wextra"
"Running Make include in mbcore/libsrc/tmrctr_v4_4/src"
make -C mbcore/libsrc/tmrctr_v4_4/src -s include  "SHELL=CMD" "COMPILER=mb-gcc" "ARCHIVER=mb-ar" "COMPILER_FLAGS= -O2 -c -mcpu=v10.0 -mlittle-endian -mxl-soft-mul" "EXTRA_COMPILER_FLAGS=-ffunction-sections -fdata-sections -Wall -Wextra"
"Running Make include in mbcore/libsrc/uartlite_v3_2/src"
make -C mbcore/libsrc/uartlite_v3_2/src -s include  "SHELL=CMD" "COMPILER=mb-gcc" "ARCHIVER=mb-ar" "COMPILER_FLAGS= -O2 -c -mcpu=v10.0 -mlittle-endian -mxl-soft-mul" "EXTRA_COMPILER_FLAGS=-ffunction-sections -fdata-sections -Wall -Wextra"
"Running Make libs in mbcore/libsrc/bram_v4_2/src"
make -C mbcore/libsrc/bram_v4_2/src -s libs  "SHELL=CMD" "COMPILER=mb-gcc" "ARCHIVER=mb-ar" "COMPILER_FLAGS= -O2 -c -mcpu=v10.0 -mlittle-endian -mxl-soft-mul" "EXTRA_COMPILER_FLAGS=-ffunction-sections -fdata-sections -Wall -Wextra"
"Compiling bram"
mb-ar: creating ../../../lib/libxil.a
"Running Make libs in mbcore/libsrc/cpu_v2_6/src"
make -C mbcore/libsrc/cpu_v2_6/src -s libs  "SHELL=CMD" "COMPILER=mb-gcc" "ARCHIVER=mb-ar" "COMPILER_FLAGS= -O2 -c -mcpu=v10.0 -mlittle-endian -mxl-soft-mul" "EXTRA_COMPILER_FLAGS=-ffunction-sections -fdata-sections -Wall -Wextra"
"Compiling cpu"
"Running Make libs in mbcore/libsrc/gpio_v4_3/src"
make -C mbcore/libsrc/gpio_v4_3/src -s libs  "SHELL=CMD" "COMPILER=mb-gcc" "ARCHIVER=mb-ar" "COMPILER_FLAGS= -O2 -c -mcpu=v10.0 -mlittle-endian -mxl-soft-mul" "EXTRA_COMPILER_FLAGS=-ffunction-sections -fdata-sections -Wall -Wextra"
"Compiling gpio"
"Running Make libs in mbcore/libsrc/intc_v3_7/src"
make -C mbcore/libsrc/intc_v3_7/src -s libs  "SHELL=CMD" "COMPILER=mb-gcc" "ARCHIVER=mb-ar" "COMPILER_FLAGS= -O2 -c -mcpu=v10.0 -mlittle-endian -mxl-soft-mul" "EXTRA_COMPILER_FLAGS=-ffunction-sections -fdata-sections -Wall -Wextra"
"Compiling intc"
"Running Make libs in mbcore/libsrc/standalone_v6_6/src"
make -C mbcore/libsrc/standalone_v6_6/src -s libs  "SHELL=CMD" "COMPILER=mb-gcc" "ARCHIVER=mb-ar" "COMPILER_FLAGS= -O2 -c -mcpu=v10.0 -mlittle-endian -mxl-soft-mul" "EXTRA_COMPILER_FLAGS=-ffunction-sections -fdata-sections -Wall -Wextra"
"Compiling standalone";
microblaze_sleep.c: In function 'usleep_MB':
microblaze_sleep.c:106:29: warning: unused parameter 'useconds' [-Wunused-parameter]
 int usleep_MB(unsigned long useconds)
                             ^~~~~~~~
microblaze_sleep.c: In function 'sleep_MB':
microblaze_sleep.c:128:32: warning: unused parameter 'seconds' [-Wunused-parameter]
 unsigned sleep_MB(unsigned int seconds)
                                ^~~~~~~
microblaze_sleep.c: In function 'MB_Sleep':
microblaze_sleep.c:153:19: warning: unused parameter 'MilliSeconds' [-Wunused-parameter]
 void MB_Sleep(u32 MilliSeconds)
                   ^~~~~~~~~~~~
"Running Make libs in mbcore/libsrc/tmrctr_v4_4/src"
make -C mbcore/libsrc/tmrctr_v4_4/src -s libs  "SHELL=CMD" "COMPILER=mb-gcc" "ARCHIVER=mb-ar" "COMPILER_FLAGS= -O2 -c -mcpu=v10.0 -mlittle-endian -mxl-soft-mul" "EXTRA_COMPILER_FLAGS=-ffunction-sections -fdata-sections -Wall -Wextra"
"Compiling tmrctr"
"Running Make libs in mbcore/libsrc/uartlite_v3_2/src"
make -C mbcore/libsrc/uartlite_v3_2/src -s libs  "SHELL=CMD" "COMPILER=mb-gcc" "ARCHIVER=mb-ar" "COMPILER_FLAGS= -O2 -c -mcpu=v10.0 -mlittle-endian -mxl-soft-mul" "EXTRA_COMPILER_FLAGS=-ffunction-sections -fdata-sections -Wall -Wextra"
"Compiling uartlite"
'Finished building libraries'
13:47:20 **** Auto Build of configuration Debug for project DISP3D ****
make all 
'Building file: ../src/main.cc'
'Invoking: MicroBlaze g++ compiler'
mb-g++ -Wall -O0 -g3 -c -fmessage-length=0 -MT"src/main.o" -I../../DISP3D_bsp/mbcore/include -mlittle-endian -mcpu=v10.0 -mxl-soft-mul -Wl,--no-relax -ffunction-sections -fdata-sections -MMD -MP -MF"src/main.d" -MT"src/main.o" -o "src/main.o" "../src/main.cc"
'Finished building: ../src/main.cc'
' '
'Building target: DISP3D.elf'
'Invoking: MicroBlaze g++ linker'
mb-g++ -Wl,-T -Wl,../src/lscript.ld -L../../DISP3D_bsp/mbcore/lib -mlittle-endian -mcpu=v10.0 -mxl-soft-mul -Wl,--no-relax -Wl,--gc-sections -o "DISP3D.elf"  ./src/main.o   -Wl,--start-group,-lxil,-lgcc,-lc,-lstdc++,--end-group
'Finished building target: DISP3D.elf'
' '
'Invoking: MicroBlaze Print Size'
mb-size DISP3D.elf  |tee "DISP3D.elf.size"
   text	   data	    bss	    dec	    hex	filename
   5816	    336	   3104	   9256	   2428	DISP3D.elf
'Finished building: DISP3D.elf.size'
' '
13:47:21 **** Incremental Build of configuration Debug for project DISP3D ****
make all 
make: `all' に対して行うべき事はありません.
13:47:46 **** Incremental Build of configuration Debug for project DISP3D ****
make all 
make: `all' に対して行うべき事はありません.
13:48:33 **** Incremental Build of configuration Debug for project DISP3D ****
make all 
make: `all' に対して行うべき事はありません.
13:51:14 **** Incremental Build of configuration Debug for project DISP3D ****
make all 
make: `all' に対して行うべき事はありません.
13:51:46 **** Incremental Build of configuration Debug for project DISP3D ****
make all 
make: `all' に対して行うべき事はありません.
13:54:12 **** Auto Build of configuration Debug for project DISP3D ****
make all 
'Building file: ../src/main.cc'
'Invoking: MicroBlaze g++ compiler'
mb-g++ -Wall -O0 -g3 -c -fmessage-length=0 -MT"src/main.o" -I../../DISP3D_bsp/mbcore/include -mlittle-endian -mcpu=v10.0 -mxl-soft-mul -Wl,--no-relax -ffunction-sections -fdata-sections -MMD -MP -MF"src/main.d" -MT"src/main.o" -o "src/main.o" "../src/main.cc"
'Finished building: ../src/main.cc'
' '
'Building target: DISP3D.elf'
'Invoking: MicroBlaze g++ linker'
mb-g++ -Wl,-T -Wl,../src/lscript.ld -L../../DISP3D_bsp/mbcore/lib -mlittle-endian -mcpu=v10.0 -mxl-soft-mul -Wl,--no-relax -Wl,--gc-sections -o "DISP3D.elf"  ./src/main.o   -Wl,--start-group,-lxil,-lgcc,-lc,-lstdc++,--end-group
'Finished building target: DISP3D.elf'
' '
'Invoking: MicroBlaze Print Size'
mb-size DISP3D.elf  |tee "DISP3D.elf.size"
   text	   data	    bss	    dec	    hex	filename
   5816	    336	   3104	   9256	   2428	DISP3D.elf
'Finished building: DISP3D.elf.size'
' '
13:57:29 **** Auto Build of configuration Debug for project DISP3D ****
make all 
'Building file: ../src/main.cc'
'Invoking: MicroBlaze g++ compiler'
mb-g++ -Wall -O0 -g3 -c -fmessage-length=0 -MT"src/main.o" -I../../DISP3D_bsp/mbcore/include -mlittle-endian -mcpu=v10.0 -mxl-soft-mul -Wl,--no-relax -ffunction-sections -fdata-sections -MMD -MP -MF"src/main.d" -MT"src/main.o" -o "src/main.o" "../src/main.cc"
../src/main.cc: In function 'int main()':
../src/main.cc:18:2: error: expected ';' before 'return'
  return 0;
  ^~~~~~
make: *** [src/main.o] エラー 1
13:57:41 **** Auto Build of configuration Debug for project DISP3D ****
make all 
'Building file: ../src/main.cc'
'Invoking: MicroBlaze g++ compiler'
mb-g++ -Wall -O0 -g3 -c -fmessage-length=0 -MT"src/main.o" -I../../DISP3D_bsp/mbcore/include -mlittle-endian -mcpu=v10.0 -mxl-soft-mul -Wl,--no-relax -ffunction-sections -fdata-sections -MMD -MP -MF"src/main.d" -MT"src/main.o" -o "src/main.o" "../src/main.cc"
../src/main.cc: In function 'int main()':
../src/main.cc:18:2: error: expected ';' before 'return'
  return 0;
  ^~~~~~
../src/main.cc:14:6: warning: unused variable 'i' [-Wunused-variable]
  int i = 37;
      ^
make: *** [src/main.o] エラー 1
13:57:46 **** Auto Build of configuration Debug for project DISP3D ****
make all 
'Building file: ../src/main.cc'
'Invoking: MicroBlaze g++ compiler'
mb-g++ -Wall -O0 -g3 -c -fmessage-length=0 -MT"src/main.o" -I../../DISP3D_bsp/mbcore/include -mlittle-endian -mcpu=v10.0 -mxl-soft-mul -Wl,--no-relax -ffunction-sections -fdata-sections -MMD -MP -MF"src/main.d" -MT"src/main.o" -o "src/main.o" "../src/main.cc"
../src/main.cc: In function 'int main()':
../src/main.cc:18:2: error: expected ';' before 'return'
  return 0;
  ^~~~~~
make: *** [src/main.o] エラー 1
13:57:51 **** Auto Build of configuration Debug for project DISP3D ****
make all 
'Building file: ../src/main.cc'
'Invoking: MicroBlaze g++ compiler'
mb-g++ -Wall -O0 -g3 -c -fmessage-length=0 -MT"src/main.o" -I../../DISP3D_bsp/mbcore/include -mlittle-endian -mcpu=v10.0 -mxl-soft-mul -Wl,--no-relax -ffunction-sections -fdata-sections -MMD -MP -MF"src/main.d" -MT"src/main.o" -o "src/main.o" "../src/main.cc"
'Finished building: ../src/main.cc'
' '
'Building target: DISP3D.elf'
'Invoking: MicroBlaze g++ linker'
mb-g++ -Wl,-T -Wl,../src/lscript.ld -L../../DISP3D_bsp/mbcore/lib -mlittle-endian -mcpu=v10.0 -mxl-soft-mul -Wl,--no-relax -Wl,--gc-sections -o "DISP3D.elf"  ./src/main.o   -Wl,--start-group,-lxil,-lgcc,-lc,-lstdc++,--end-group
'Finished building target: DISP3D.elf'
' '
'Invoking: MicroBlaze Print Size'
mb-size DISP3D.elf  |tee "DISP3D.elf.size"
   text	   data	    bss	    dec	    hex	filename
   5876	    336	   3108	   9320	   2468	DISP3D.elf
'Finished building: DISP3D.elf.size'
' '
13:57:54 **** Incremental Build of configuration Debug for project DISP3D ****
make all 
make: `all' に対して行うべき事はありません.
15:12:11 **** Auto Build of configuration Debug for project DISP3D ****
make all 
'Building file: ../src/main.cc'
'Invoking: MicroBlaze g++ compiler'
mb-g++ -Wall -O0 -g3 -c -fmessage-length=0 -MT"src/main.o" -I../../DISP3D_bsp/mbcore/include -mlittle-endian -mcpu=v10.0 -mxl-soft-mul -Wl,--no-relax -ffunction-sections -fdata-sections -MMD -MP -MF"src/main.d" -MT"src/main.o" -o "src/main.o" "../src/main.cc"
../src/main.cc:16:10: error: two or more data types in declaration of 'main'
 int main()
          ^
make: *** [src/main.o] エラー 1
15:12:17 **** Auto Build of configuration Debug for project DISP3D ****
make all 
'Building file: ../src/main.cc'
'Invoking: MicroBlaze g++ compiler'
mb-g++ -Wall -O0 -g3 -c -fmessage-length=0 -MT"src/main.o" -I../../DISP3D_bsp/mbcore/include -mlittle-endian -mcpu=v10.0 -mxl-soft-mul -Wl,--no-relax -ffunction-sections -fdata-sections -MMD -MP -MF"src/main.d" -MT"src/main.o" -o "src/main.o" "../src/main.cc"
'Finished building: ../src/main.cc'
' '
'Building target: DISP3D.elf'
'Invoking: MicroBlaze g++ linker'
mb-g++ -Wl,-T -Wl,../src/lscript.ld -L../../DISP3D_bsp/mbcore/lib -mlittle-endian -mcpu=v10.0 -mxl-soft-mul -Wl,--no-relax -Wl,--gc-sections -o "DISP3D.elf"  ./src/main.o   -Wl,--start-group,-lxil,-lgcc,-lc,-lstdc++,--end-group
'Finished building target: DISP3D.elf'
' '
'Invoking: MicroBlaze Print Size'
mb-size DISP3D.elf  |tee "DISP3D.elf.size"
   text	   data	    bss	    dec	    hex	filename
   5876	    336	   3108	   9320	   2468	DISP3D.elf
'Finished building: DISP3D.elf.size'
' '
15:14:08 **** Auto Build of configuration Debug for project DISP3D ****
make all 
'Building file: ../src/main.cc'
'Invoking: MicroBlaze g++ compiler'
mb-g++ -Wall -O0 -g3 -c -fmessage-length=0 -MT"src/main.o" -I../../DISP3D_bsp/mbcore/include -mlittle-endian -mcpu=v10.0 -mxl-soft-mul -Wl,--no-relax -ffunction-sections -fdata-sections -MMD -MP -MF"src/main.d" -MT"src/main.o" -o "src/main.o" "../src/main.cc"
../src/main.cc: In function 'int init()':
../src/main.cc:19:28: error: too few arguments to function 'int XGpio_Initialize(XGpio*, u16)'
  status = XGpio_Initialize();
                            ^
In file included from ../src/main.cc:6:0:
../../DISP3D_bsp/mbcore/include/xgpio.h:172:5: note: declared here
 int XGpio_Initialize(XGpio *InstancePtr, u16 DeviceId);
     ^~~~~~~~~~~~~~~~
../src/main.cc:20:1: warning: no return statement in function returning non-void [-Wreturn-type]
 }
 ^
make: *** [src/main.o] エラー 1
15:14:43 **** Auto Build of configuration Debug for project DISP3D ****
make all 
'Building file: ../src/main.cc'
'Invoking: MicroBlaze g++ compiler'
mb-g++ -Wall -O0 -g3 -c -fmessage-length=0 -MT"src/main.o" -I../../DISP3D_bsp/mbcore/include -mlittle-endian -mcpu=v10.0 -mxl-soft-mul -Wl,--no-relax -ffunction-sections -fdata-sections -MMD -MP -MF"src/main.d" -MT"src/main.o" -o "src/main.o" "../src/main.cc"
../src/main.cc: In function 'int init()':
../src/main.cc:19:39: error: expected primary-expression before ')' token
  status = XGpio_Initialize(&gpio_led, );
                                       ^
../src/main.cc:20:1: warning: no return statement in function returning non-void [-Wreturn-type]
 }
 ^
make: *** [src/main.o] エラー 1
15:15:14 **** Auto Build of configuration Debug for project DISP3D ****
make all 
'Building file: ../src/main.cc'
'Invoking: MicroBlaze g++ compiler'
mb-g++ -Wall -O0 -g3 -c -fmessage-length=0 -MT"src/main.o" -I../../DISP3D_bsp/mbcore/include -mlittle-endian -mcpu=v10.0 -mxl-soft-mul -Wl,--no-relax -ffunction-sections -fdata-sections -MMD -MP -MF"src/main.d" -MT"src/main.o" -o "src/main.o" "../src/main.cc"
../src/main.cc: In function 'int init()':
../src/main.cc:17:6: warning: variable 'status' set but not used [-Wunused-but-set-variable]
  int status;
      ^~~~~~
../src/main.cc:20:1: warning: no return statement in function returning non-void [-Wreturn-type]
 }
 ^
'Finished building: ../src/main.cc'
' '
'Building target: DISP3D.elf'
'Invoking: MicroBlaze g++ linker'
mb-g++ -Wl,-T -Wl,../src/lscript.ld -L../../DISP3D_bsp/mbcore/lib -mlittle-endian -mcpu=v10.0 -mxl-soft-mul -Wl,--no-relax -Wl,--gc-sections -o "DISP3D.elf"  ./src/main.o   -Wl,--start-group,-lxil,-lgcc,-lc,-lstdc++,--end-group
'Finished building target: DISP3D.elf'
' '
'Invoking: MicroBlaze Print Size'
mb-size DISP3D.elf  |tee "DISP3D.elf.size"
   text	   data	    bss	    dec	    hex	filename
   5876	    336	   3108	   9320	   2468	DISP3D.elf
'Finished building: DISP3D.elf.size'
' '
15:15:23 **** Auto Build of configuration Debug for project DISP3D ****
make all 
'Building file: ../src/main.cc'
'Invoking: MicroBlaze g++ compiler'
mb-g++ -Wall -O0 -g3 -c -fmessage-length=0 -MT"src/main.o" -I../../DISP3D_bsp/mbcore/include -mlittle-endian -mcpu=v10.0 -mxl-soft-mul -Wl,--no-relax -ffunction-sections -fdata-sections -MMD -MP -MF"src/main.d" -MT"src/main.o" -o "src/main.o" "../src/main.cc"
../src/main.cc: In function 'int init()':
../src/main.cc:17:6: warning: variable 'status' set but not used [-Wunused-but-set-variable]
  int status;
      ^~~~~~
'Finished building: ../src/main.cc'
' '
'Building target: DISP3D.elf'
'Invoking: MicroBlaze g++ linker'
mb-g++ -Wl,-T -Wl,../src/lscript.ld -L../../DISP3D_bsp/mbcore/lib -mlittle-endian -mcpu=v10.0 -mxl-soft-mul -Wl,--no-relax -Wl,--gc-sections -o "DISP3D.elf"  ./src/main.o   -Wl,--start-group,-lxil,-lgcc,-lc,-lstdc++,--end-group
'Finished building target: DISP3D.elf'
' '
'Invoking: MicroBlaze Print Size'
mb-size DISP3D.elf  |tee "DISP3D.elf.size"
   text	   data	    bss	    dec	    hex	filename
   5876	    336	   3108	   9320	   2468	DISP3D.elf
'Finished building: DISP3D.elf.size'
' '
15:16:14 **** Auto Build of configuration Debug for project DISP3D ****
make all 
'Building file: ../src/main.cc'
'Invoking: MicroBlaze g++ compiler'
mb-g++ -Wall -O0 -g3 -c -fmessage-length=0 -MT"src/main.o" -I../../DISP3D_bsp/mbcore/include -mlittle-endian -mcpu=v10.0 -mxl-soft-mul -Wl,--no-relax -ffunction-sections -fdata-sections -MMD -MP -MF"src/main.d" -MT"src/main.o" -o "src/main.o" "../src/main.cc"
../src/main.cc: In function 'int init()':
../src/main.cc:18:6: warning: variable 'status' set but not used [-Wunused-but-set-variable]
  int status;
      ^~~~~~
'Finished building: ../src/main.cc'
' '
'Building target: DISP3D.elf'
'Invoking: MicroBlaze g++ linker'
mb-g++ -Wl,-T -Wl,../src/lscript.ld -L../../DISP3D_bsp/mbcore/lib -mlittle-endian -mcpu=v10.0 -mxl-soft-mul -Wl,--no-relax -Wl,--gc-sections -o "DISP3D.elf"  ./src/main.o   -Wl,--start-group,-lxil,-lgcc,-lc,-lstdc++,--end-group
'Finished building target: DISP3D.elf'
' '
'Invoking: MicroBlaze Print Size'
mb-size DISP3D.elf  |tee "DISP3D.elf.size"
   text	   data	    bss	    dec	    hex	filename
   5876	    336	   3108	   9320	   2468	DISP3D.elf
'Finished building: DISP3D.elf.size'
' '
15:16:25 **** Auto Build of configuration Debug for project DISP3D ****
make all 
'Building file: ../src/main.cc'
'Invoking: MicroBlaze g++ compiler'
mb-g++ -Wall -O0 -g3 -c -fmessage-length=0 -MT"src/main.o" -I../../DISP3D_bsp/mbcore/include -mlittle-endian -mcpu=v10.0 -mxl-soft-mul -Wl,--no-relax -ffunction-sections -fdata-sections -MMD -MP -MF"src/main.d" -MT"src/main.o" -o "src/main.o" "../src/main.cc"
../src/main.cc: In function 'int init()':
../src/main.cc:18:6: warning: variable 'status' set but not used [-Wunused-but-set-variable]
  int status;
      ^~~~~~
'Finished building: ../src/main.cc'
' '
'Building target: DISP3D.elf'
'Invoking: MicroBlaze g++ linker'
mb-g++ -Wl,-T -Wl,../src/lscript.ld -L../../DISP3D_bsp/mbcore/lib -mlittle-endian -mcpu=v10.0 -mxl-soft-mul -Wl,--no-relax -Wl,--gc-sections -o "DISP3D.elf"  ./src/main.o   -Wl,--start-group,-lxil,-lgcc,-lc,-lstdc++,--end-group
'Finished building target: DISP3D.elf'
' '
'Invoking: MicroBlaze Print Size'
mb-size DISP3D.elf  |tee "DISP3D.elf.size"
   text	   data	    bss	    dec	    hex	filename
   5876	    336	   3108	   9320	   2468	DISP3D.elf
'Finished building: DISP3D.elf.size'
' '
15:16:55 **** Auto Build of configuration Debug for project DISP3D ****
make all 
'Building file: ../src/main.cc'
'Invoking: MicroBlaze g++ compiler'
mb-g++ -Wall -O0 -g3 -c -fmessage-length=0 -MT"src/main.o" -I../../DISP3D_bsp/mbcore/include -mlittle-endian -mcpu=v10.0 -mxl-soft-mul -Wl,--no-relax -ffunction-sections -fdata-sections -MMD -MP -MF"src/main.d" -MT"src/main.o" -o "src/main.o" "../src/main.cc"
../src/main.cc: In function 'int init()':
../src/main.cc:18:6: warning: variable 'status' set but not used [-Wunused-but-set-variable]
  int status;
      ^~~~~~
'Finished building: ../src/main.cc'
' '
'Building target: DISP3D.elf'
'Invoking: MicroBlaze g++ linker'
mb-g++ -Wl,-T -Wl,../src/lscript.ld -L../../DISP3D_bsp/mbcore/lib -mlittle-endian -mcpu=v10.0 -mxl-soft-mul -Wl,--no-relax -Wl,--gc-sections -o "DISP3D.elf"  ./src/main.o   -Wl,--start-group,-lxil,-lgcc,-lc,-lstdc++,--end-group
'Finished building target: DISP3D.elf'
' '
'Invoking: MicroBlaze Print Size'
mb-size DISP3D.elf  |tee "DISP3D.elf.size"
   text	   data	    bss	    dec	    hex	filename
   5876	    336	   3108	   9320	   2468	DISP3D.elf
'Finished building: DISP3D.elf.size'
' '
15:17:09 **** Auto Build of configuration Debug for project DISP3D ****
make all 
'Building file: ../src/main.cc'
'Invoking: MicroBlaze g++ compiler'
mb-g++ -Wall -O0 -g3 -c -fmessage-length=0 -MT"src/main.o" -I../../DISP3D_bsp/mbcore/include -mlittle-endian -mcpu=v10.0 -mxl-soft-mul -Wl,--no-relax -ffunction-sections -fdata-sections -MMD -MP -MF"src/main.d" -MT"src/main.o" -o "src/main.o" "../src/main.cc"
../src/main.cc: In function 'int init()':
../src/main.cc:18:6: warning: variable 'status' set but not used [-Wunused-but-set-variable]
  int status;
      ^~~~~~
'Finished building: ../src/main.cc'
' '
'Building target: DISP3D.elf'
'Invoking: MicroBlaze g++ linker'
mb-g++ -Wl,-T -Wl,../src/lscript.ld -L../../DISP3D_bsp/mbcore/lib -mlittle-endian -mcpu=v10.0 -mxl-soft-mul -Wl,--no-relax -Wl,--gc-sections -o "DISP3D.elf"  ./src/main.o   -Wl,--start-group,-lxil,-lgcc,-lc,-lstdc++,--end-group
'Finished building target: DISP3D.elf'
' '
'Invoking: MicroBlaze Print Size'
mb-size DISP3D.elf  |tee "DISP3D.elf.size"
   text	   data	    bss	    dec	    hex	filename
   5876	    336	   3108	   9320	   2468	DISP3D.elf
'Finished building: DISP3D.elf.size'
' '
15:17:43 **** Auto Build of configuration Debug for project DISP3D ****
make all 
'Building file: ../src/main.cc'
'Invoking: MicroBlaze g++ compiler'
mb-g++ -Wall -O0 -g3 -c -fmessage-length=0 -MT"src/main.o" -I../../DISP3D_bsp/mbcore/include -mlittle-endian -mcpu=v10.0 -mxl-soft-mul -Wl,--no-relax -ffunction-sections -fdata-sections -MMD -MP -MF"src/main.d" -MT"src/main.o" -o "src/main.o" "../src/main.cc"
'Finished building: ../src/main.cc'
' '
'Building target: DISP3D.elf'
'Invoking: MicroBlaze g++ linker'
mb-g++ -Wl,-T -Wl,../src/lscript.ld -L../../DISP3D_bsp/mbcore/lib -mlittle-endian -mcpu=v10.0 -mxl-soft-mul -Wl,--no-relax -Wl,--gc-sections -o "DISP3D.elf"  ./src/main.o   -Wl,--start-group,-lxil,-lgcc,-lc,-lstdc++,--end-group
'Finished building target: DISP3D.elf'
' '
'Invoking: MicroBlaze Print Size'
mb-size DISP3D.elf  |tee "DISP3D.elf.size"
   text	   data	    bss	    dec	    hex	filename
   5880	    336	   3104	   9320	   2468	DISP3D.elf
'Finished building: DISP3D.elf.size'
' '
15:18:13 **** Auto Build of configuration Debug for project DISP3D ****
make all 
'Building file: ../src/main.cc'
'Invoking: MicroBlaze g++ compiler'
mb-g++ -Wall -O0 -g3 -c -fmessage-length=0 -MT"src/main.o" -I../../DISP3D_bsp/mbcore/include -mlittle-endian -mcpu=v10.0 -mxl-soft-mul -Wl,--no-relax -ffunction-sections -fdata-sections -MMD -MP -MF"src/main.d" -MT"src/main.o" -o "src/main.o" "../src/main.cc"
../src/main.cc: In function 'int init()':
../src/main.cc:22:57: error: expected primary-expression before ')' token
   xil_printf("GPIO(DevID=%d) initialization failed.\n", );
                                                         ^
make: *** [src/main.o] エラー 1
15:18:22 **** Auto Build of configuration Debug for project DISP3D ****
make all 
'Building file: ../src/main.cc'
'Invoking: MicroBlaze g++ compiler'
mb-g++ -Wall -O0 -g3 -c -fmessage-length=0 -MT"src/main.o" -I../../DISP3D_bsp/mbcore/include -mlittle-endian -mcpu=v10.0 -mxl-soft-mul -Wl,--no-relax -ffunction-sections -fdata-sections -MMD -MP -MF"src/main.d" -MT"src/main.o" -o "src/main.o" "../src/main.cc"
'Finished building: ../src/main.cc'
' '
'Building target: DISP3D.elf'
'Invoking: MicroBlaze g++ linker'
mb-g++ -Wl,-T -Wl,../src/lscript.ld -L../../DISP3D_bsp/mbcore/lib -mlittle-endian -mcpu=v10.0 -mxl-soft-mul -Wl,--no-relax -Wl,--gc-sections -o "DISP3D.elf"  ./src/main.o   -Wl,--start-group,-lxil,-lgcc,-lc,-lstdc++,--end-group
'Finished building target: DISP3D.elf'
' '
'Invoking: MicroBlaze Print Size'
mb-size DISP3D.elf  |tee "DISP3D.elf.size"
   text	   data	    bss	    dec	    hex	filename
   5916	    336	   3108	   9360	   2490	DISP3D.elf
'Finished building: DISP3D.elf.size'
' '
15:18:38 **** Auto Build of configuration Debug for project DISP3D ****
make all 
'Building file: ../src/main.cc'
'Invoking: MicroBlaze g++ compiler'
mb-g++ -Wall -O0 -g3 -c -fmessage-length=0 -MT"src/main.o" -I../../DISP3D_bsp/mbcore/include -mlittle-endian -mcpu=v10.0 -mxl-soft-mul -Wl,--no-relax -ffunction-sections -fdata-sections -MMD -MP -MF"src/main.d" -MT"src/main.o" -o "src/main.o" "../src/main.cc"
'Finished building: ../src/main.cc'
' '
'Building target: DISP3D.elf'
'Invoking: MicroBlaze g++ linker'
mb-g++ -Wl,-T -Wl,../src/lscript.ld -L../../DISP3D_bsp/mbcore/lib -mlittle-endian -mcpu=v10.0 -mxl-soft-mul -Wl,--no-relax -Wl,--gc-sections -o "DISP3D.elf"  ./src/main.o   -Wl,--start-group,-lxil,-lgcc,-lc,-lstdc++,--end-group
'Finished building target: DISP3D.elf'
' '
'Invoking: MicroBlaze Print Size'
mb-size DISP3D.elf  |tee "DISP3D.elf.size"
   text	   data	    bss	    dec	    hex	filename
   5916	    336	   3108	   9360	   2490	DISP3D.elf
'Finished building: DISP3D.elf.size'
' '
15:19:04 **** Auto Build of configuration Debug for project DISP3D ****
make all 
'Building file: ../src/main.cc'
'Invoking: MicroBlaze g++ compiler'
mb-g++ -Wall -O0 -g3 -c -fmessage-length=0 -MT"src/main.o" -I../../DISP3D_bsp/mbcore/include -mlittle-endian -mcpu=v10.0 -mxl-soft-mul -Wl,--no-relax -ffunction-sections -fdata-sections -MMD -MP -MF"src/main.d" -MT"src/main.o" -o "src/main.o" "../src/main.cc"
'Finished building: ../src/main.cc'
' '
'Building target: DISP3D.elf'
'Invoking: MicroBlaze g++ linker'
mb-g++ -Wl,-T -Wl,../src/lscript.ld -L../../DISP3D_bsp/mbcore/lib -mlittle-endian -mcpu=v10.0 -mxl-soft-mul -Wl,--no-relax -Wl,--gc-sections -o "DISP3D.elf"  ./src/main.o   -Wl,--start-group,-lxil,-lgcc,-lc,-lstdc++,--end-group
'Finished building target: DISP3D.elf'
' '
'Invoking: MicroBlaze Print Size'
mb-size DISP3D.elf  |tee "DISP3D.elf.size"
   text	   data	    bss	    dec	    hex	filename
   5916	    336	   3108	   9360	   2490	DISP3D.elf
'Finished building: DISP3D.elf.size'
' '
15:19:32 **** Auto Build of configuration Debug for project DISP3D ****
make all 
'Building file: ../src/main.cc'
'Invoking: MicroBlaze g++ compiler'
mb-g++ -Wall -O0 -g3 -c -fmessage-length=0 -MT"src/main.o" -I../../DISP3D_bsp/mbcore/include -mlittle-endian -mcpu=v10.0 -mxl-soft-mul -Wl,--no-relax -ffunction-sections -fdata-sections -MMD -MP -MF"src/main.d" -MT"src/main.o" -o "src/main.o" "../src/main.cc"
'Finished building: ../src/main.cc'
' '
'Building target: DISP3D.elf'
'Invoking: MicroBlaze g++ linker'
mb-g++ -Wl,-T -Wl,../src/lscript.ld -L../../DISP3D_bsp/mbcore/lib -mlittle-endian -mcpu=v10.0 -mxl-soft-mul -Wl,--no-relax -Wl,--gc-sections -o "DISP3D.elf"  ./src/main.o   -Wl,--start-group,-lxil,-lgcc,-lc,-lstdc++,--end-group
'Finished building target: DISP3D.elf'
' '
'Invoking: MicroBlaze Print Size'
mb-size DISP3D.elf  |tee "DISP3D.elf.size"
   text	   data	    bss	    dec	    hex	filename
   5916	    336	   3108	   9360	   2490	DISP3D.elf
'Finished building: DISP3D.elf.size'
' '
15:19:44 **** Auto Build of configuration Debug for project DISP3D ****
make all 
'Building file: ../src/main.cc'
'Invoking: MicroBlaze g++ compiler'
mb-g++ -Wall -O0 -g3 -c -fmessage-length=0 -MT"src/main.o" -I../../DISP3D_bsp/mbcore/include -mlittle-endian -mcpu=v10.0 -mxl-soft-mul -Wl,--no-relax -ffunction-sections -fdata-sections -MMD -MP -MF"src/main.d" -MT"src/main.o" -o "src/main.o" "../src/main.cc"
'Finished building: ../src/main.cc'
' '
'Building target: DISP3D.elf'
'Invoking: MicroBlaze g++ linker'
mb-g++ -Wl,-T -Wl,../src/lscript.ld -L../../DISP3D_bsp/mbcore/lib -mlittle-endian -mcpu=v10.0 -mxl-soft-mul -Wl,--no-relax -Wl,--gc-sections -o "DISP3D.elf"  ./src/main.o   -Wl,--start-group,-lxil,-lgcc,-lc,-lstdc++,--end-group
'Finished building target: DISP3D.elf'
' '
'Invoking: MicroBlaze Print Size'
mb-size DISP3D.elf  |tee "DISP3D.elf.size"
   text	   data	    bss	    dec	    hex	filename
   5916	    336	   3108	   9360	   2490	DISP3D.elf
'Finished building: DISP3D.elf.size'
' '
15:19:55 **** Auto Build of configuration Debug for project DISP3D ****
make all 
'Building file: ../src/main.cc'
'Invoking: MicroBlaze g++ compiler'
mb-g++ -Wall -O0 -g3 -c -fmessage-length=0 -MT"src/main.o" -I../../DISP3D_bsp/mbcore/include -mlittle-endian -mcpu=v10.0 -mxl-soft-mul -Wl,--no-relax -ffunction-sections -fdata-sections -MMD -MP -MF"src/main.d" -MT"src/main.o" -o "src/main.o" "../src/main.cc"
'Finished building: ../src/main.cc'
' '
'Building target: DISP3D.elf'
'Invoking: MicroBlaze g++ linker'
mb-g++ -Wl,-T -Wl,../src/lscript.ld -L../../DISP3D_bsp/mbcore/lib -mlittle-endian -mcpu=v10.0 -mxl-soft-mul -Wl,--no-relax -Wl,--gc-sections -o "DISP3D.elf"  ./src/main.o   -Wl,--start-group,-lxil,-lgcc,-lc,-lstdc++,--end-group
'Finished building target: DISP3D.elf'
' '
'Invoking: MicroBlaze Print Size'
mb-size DISP3D.elf  |tee "DISP3D.elf.size"
   text	   data	    bss	    dec	    hex	filename
   5916	    336	   3108	   9360	   2490	DISP3D.elf
'Finished building: DISP3D.elf.size'
' '
15:20:18 **** Auto Build of configuration Debug for project DISP3D ****
make all 
'Building file: ../src/main.cc'
'Invoking: MicroBlaze g++ compiler'
mb-g++ -Wall -O0 -g3 -c -fmessage-length=0 -MT"src/main.o" -I../../DISP3D_bsp/mbcore/include -mlittle-endian -mcpu=v10.0 -mxl-soft-mul -Wl,--no-relax -ffunction-sections -fdata-sections -MMD -MP -MF"src/main.d" -MT"src/main.o" -o "src/main.o" "../src/main.cc"
'Finished building: ../src/main.cc'
' '
'Building target: DISP3D.elf'
'Invoking: MicroBlaze g++ linker'
mb-g++ -Wl,-T -Wl,../src/lscript.ld -L../../DISP3D_bsp/mbcore/lib -mlittle-endian -mcpu=v10.0 -mxl-soft-mul -Wl,--no-relax -Wl,--gc-sections -o "DISP3D.elf"  ./src/main.o   -Wl,--start-group,-lxil,-lgcc,-lc,-lstdc++,--end-group
'Finished building target: DISP3D.elf'
' '
'Invoking: MicroBlaze Print Size'
mb-size DISP3D.elf  |tee "DISP3D.elf.size"
   text	   data	    bss	    dec	    hex	filename
   5916	    336	   3108	   9360	   2490	DISP3D.elf
'Finished building: DISP3D.elf.size'
' '
15:20:19 **** Auto Build of configuration Debug for project DISP3D ****
make all 
make: `all' に対して行うべき事はありません.
15:27:51 **** Auto Build of configuration Debug for project DISP3D ****
make all 
'Building file: ../src/main.cc'
'Invoking: MicroBlaze g++ compiler'
mb-g++ -Wall -O0 -g3 -c -fmessage-length=0 -MT"src/main.o" -I../../DISP3D_bsp/mbcore/include -mlittle-endian -mcpu=v10.0 -mxl-soft-mul -Wl,--no-relax -ffunction-sections -fdata-sections -MMD -MP -MF"src/main.d" -MT"src/main.o" -o "src/main.o" "../src/main.cc"
../src/main.cc: In function 'const int init()':
../src/main.cc:26:28: error: expected primary-expression before '*' token
  XGpio_DiscreteWrite(XGpio *InstancePtr, unsigned Channel, u32 Mask);
                            ^
../src/main.cc:26:29: error: 'InstancePtr' was not declared in this scope
  XGpio_DiscreteWrite(XGpio *InstancePtr, unsigned Channel, u32 Mask);
                             ^~~~~~~~~~~
../src/main.cc:26:42: error: expected primary-expression before 'unsigned'
  XGpio_DiscreteWrite(XGpio *InstancePtr, unsigned Channel, u32 Mask);
                                          ^~~~~~~~
../src/main.cc:26:64: error: expected primary-expression before 'Mask'
  XGpio_DiscreteWrite(XGpio *InstancePtr, unsigned Channel, u32 Mask);
                                                                ^~~~
make: *** [src/main.o] エラー 1
15:27:55 **** Auto Build of configuration Debug for project DISP3D ****
make all 
'Building file: ../src/main.cc'
'Invoking: MicroBlaze g++ compiler'
mb-g++ -Wall -O0 -g3 -c -fmessage-length=0 -MT"src/main.o" -I../../DISP3D_bsp/mbcore/include -mlittle-endian -mcpu=v10.0 -mxl-soft-mul -Wl,--no-relax -ffunction-sections -fdata-sections -MMD -MP -MF"src/main.d" -MT"src/main.o" -o "src/main.o" "../src/main.cc"
../src/main.cc: In function 'const int init()':
../src/main.cc:26:22: error: expected primary-expression before '*' token
  DiscreteWrite(XGpio *InstancePtr, unsigned Channel, u32 Mask);
                      ^
../src/main.cc:26:23: error: 'InstancePtr' was not declared in this scope
  DiscreteWrite(XGpio *InstancePtr, unsigned Channel, u32 Mask);
                       ^~~~~~~~~~~
../src/main.cc:26:36: error: expected primary-expression before 'unsigned'
  DiscreteWrite(XGpio *InstancePtr, unsigned Channel, u32 Mask);
                                    ^~~~~~~~
../src/main.cc:26:58: error: expected primary-expression before 'Mask'
  DiscreteWrite(XGpio *InstancePtr, unsigned Channel, u32 Mask);
                                                          ^~~~
../src/main.cc:26:2: error: 'DiscreteWrite' was not declared in this scope
  DiscreteWrite(XGpio *InstancePtr, unsigned Channel, u32 Mask);
  ^~~~~~~~~~~~~
../src/main.cc:26:2: note: suggested alternative: 'XGpio_DiscreteWrite'
  DiscreteWrite(XGpio *InstancePtr, unsigned Channel, u32 Mask);
  ^~~~~~~~~~~~~
  XGpio_DiscreteWrite
make: *** [src/main.o] エラー 1
15:28:07 **** Auto Build of configuration Debug for project DISP3D ****
make all 
'Building file: ../src/main.cc'
'Invoking: MicroBlaze g++ compiler'
mb-g++ -Wall -O0 -g3 -c -fmessage-length=0 -MT"src/main.o" -I../../DISP3D_bsp/mbcore/include -mlittle-endian -mcpu=v10.0 -mxl-soft-mul -Wl,--no-relax -ffunction-sections -fdata-sections -MMD -MP -MF"src/main.d" -MT"src/main.o" -o "src/main.o" "../src/main.cc"
../src/main.cc: In function 'const int init()':
../src/main.cc:26:27: error: expected primary-expression before 'unsigned'
  DiscreteWrite(&gpio_led, unsigned Channel, u32 Mask);
                           ^~~~~~~~
../src/main.cc:26:49: error: expected primary-expression before 'Mask'
  DiscreteWrite(&gpio_led, unsigned Channel, u32 Mask);
                                                 ^~~~
../src/main.cc:26:2: error: 'DiscreteWrite' was not declared in this scope
  DiscreteWrite(&gpio_led, unsigned Channel, u32 Mask);
  ^~~~~~~~~~~~~
../src/main.cc:26:2: note: suggested alternative: 'XGpio_DiscreteWrite'
  DiscreteWrite(&gpio_led, unsigned Channel, u32 Mask);
  ^~~~~~~~~~~~~
  XGpio_DiscreteWrite
make: *** [src/main.o] エラー 1
15:28:32 **** Auto Build of configuration Debug for project DISP3D ****
make all 
'Building file: ../src/main.cc'
'Invoking: MicroBlaze g++ compiler'
mb-g++ -Wall -O0 -g3 -c -fmessage-length=0 -MT"src/main.o" -I../../DISP3D_bsp/mbcore/include -mlittle-endian -mcpu=v10.0 -mxl-soft-mul -Wl,--no-relax -ffunction-sections -fdata-sections -MMD -MP -MF"src/main.d" -MT"src/main.o" -o "src/main.o" "../src/main.cc"
../src/main.cc:14:7: error: 'gpio_led_channel' does not name a type; did you mean 'gpio_led_devID'?
 const gpio_led_channel = 1;
       ^~~~~~~~~~~~~~~~
       gpio_led_devID
../src/main.cc: In function 'int init()':
../src/main.cc:26:27: error: expected primary-expression before 'unsigned'
  DiscreteWrite(&gpio_led, unsigned Channel, u32 Mask);
                           ^~~~~~~~
../src/main.cc:26:49: error: expected primary-expression before 'Mask'
  DiscreteWrite(&gpio_led, unsigned Channel, u32 Mask);
                                                 ^~~~
../src/main.cc:26:2: error: 'DiscreteWrite' was not declared in this scope
  DiscreteWrite(&gpio_led, unsigned Channel, u32 Mask);
  ^~~~~~~~~~~~~
../src/main.cc:26:2: note: suggested alternative: 'XGpio_DiscreteWrite'
  DiscreteWrite(&gpio_led, unsigned Channel, u32 Mask);
  ^~~~~~~~~~~~~
  XGpio_DiscreteWrite
make: *** [src/main.o] エラー 1
15:28:53 **** Auto Build of configuration Debug for project DISP3D ****
make all 
'Building file: ../src/main.cc'
'Invoking: MicroBlaze g++ compiler'
mb-g++ -Wall -O0 -g3 -c -fmessage-length=0 -MT"src/main.o" -I../../DISP3D_bsp/mbcore/include -mlittle-endian -mcpu=v10.0 -mxl-soft-mul -Wl,--no-relax -ffunction-sections -fdata-sections -MMD -MP -MF"src/main.d" -MT"src/main.o" -o "src/main.o" "../src/main.cc"
../src/main.cc:14:7: error: 'gpio_led_channel' does not name a type; did you mean 'gpio_led_devID'?
 const gpio_led_channel = 1;
       ^~~~~~~~~~~~~~~~
       gpio_led_devID
../src/main.cc:15:7: error: 'gpio_sw_channel' does not name a type
 const gpio_sw_channel = 2;
       ^~~~~~~~~~~~~~~
../src/main.cc: In function 'int init()':
../src/main.cc:27:27: error: expected primary-expression before 'unsigned'
  DiscreteWrite(&gpio_led, unsigned Channel, u32 Mask);
                           ^~~~~~~~
../src/main.cc:27:49: error: expected primary-expression before 'Mask'
  DiscreteWrite(&gpio_led, unsigned Channel, u32 Mask);
                                                 ^~~~
../src/main.cc:27:2: error: 'DiscreteWrite' was not declared in this scope
  DiscreteWrite(&gpio_led, unsigned Channel, u32 Mask);
  ^~~~~~~~~~~~~
../src/main.cc:27:2: note: suggested alternative: 'XGpio_DiscreteWrite'
  DiscreteWrite(&gpio_led, unsigned Channel, u32 Mask);
  ^~~~~~~~~~~~~
  XGpio_DiscreteWrite
make: *** [src/main.o] エラー 1
15:29:12 **** Auto Build of configuration Debug for project DISP3D ****
make all 
'Building file: ../src/main.cc'
'Invoking: MicroBlaze g++ compiler'
mb-g++ -Wall -O0 -g3 -c -fmessage-length=0 -MT"src/main.o" -I../../DISP3D_bsp/mbcore/include -mlittle-endian -mcpu=v10.0 -mxl-soft-mul -Wl,--no-relax -ffunction-sections -fdata-sections -MMD -MP -MF"src/main.d" -MT"src/main.o" -o "src/main.o" "../src/main.cc"
../src/main.cc: In function 'int init()':
../src/main.cc:27:27: error: expected primary-expression before 'unsigned'
  DiscreteWrite(&gpio_led, unsigned Channel, u32 Mask);
                           ^~~~~~~~
../src/main.cc:27:49: error: expected primary-expression before 'Mask'
  DiscreteWrite(&gpio_led, unsigned Channel, u32 Mask);
                                                 ^~~~
../src/main.cc:27:2: error: 'DiscreteWrite' was not declared in this scope
  DiscreteWrite(&gpio_led, unsigned Channel, u32 Mask);
  ^~~~~~~~~~~~~
../src/main.cc:27:2: note: suggested alternative: 'XGpio_DiscreteWrite'
  DiscreteWrite(&gpio_led, unsigned Channel, u32 Mask);
  ^~~~~~~~~~~~~
  XGpio_DiscreteWrite
make: *** [src/main.o] エラー 1
15:29:26 **** Auto Build of configuration Debug for project DISP3D ****
make all 
'Building file: ../src/main.cc'
'Invoking: MicroBlaze g++ compiler'
mb-g++ -Wall -O0 -g3 -c -fmessage-length=0 -MT"src/main.o" -I../../DISP3D_bsp/mbcore/include -mlittle-endian -mcpu=v10.0 -mxl-soft-mul -Wl,--no-relax -ffunction-sections -fdata-sections -MMD -MP -MF"src/main.d" -MT"src/main.o" -o "src/main.o" "../src/main.cc"
../src/main.cc: In function 'int init()':
../src/main.cc:27:44: error: expected ')' before 'u32'
  DiscreteWrite(&gpio_led, gpio_led_channel u32 Mask);
                                            ^~~
../src/main.cc:27:2: error: 'DiscreteWrite' was not declared in this scope
  DiscreteWrite(&gpio_led, gpio_led_channel u32 Mask);
  ^~~~~~~~~~~~~
../src/main.cc:27:2: note: suggested alternative: 'XGpio_DiscreteWrite'
  DiscreteWrite(&gpio_led, gpio_led_channel u32 Mask);
  ^~~~~~~~~~~~~
  XGpio_DiscreteWrite
make: *** [src/main.o] エラー 1
15:29:28 **** Auto Build of configuration Debug for project DISP3D ****
make all 
'Building file: ../src/main.cc'
'Invoking: MicroBlaze g++ compiler'
mb-g++ -Wall -O0 -g3 -c -fmessage-length=0 -MT"src/main.o" -I../../DISP3D_bsp/mbcore/include -mlittle-endian -mcpu=v10.0 -mxl-soft-mul -Wl,--no-relax -ffunction-sections -fdata-sections -MMD -MP -MF"src/main.d" -MT"src/main.o" -o "src/main.o" "../src/main.cc"
../src/main.cc: In function 'int init()':
../src/main.cc:27:49: error: expected primary-expression before 'Mask'
  DiscreteWrite(&gpio_led, gpio_led_channel, u32 Mask);
                                                 ^~~~
../src/main.cc:27:2: error: 'DiscreteWrite' was not declared in this scope
  DiscreteWrite(&gpio_led, gpio_led_channel, u32 Mask);
  ^~~~~~~~~~~~~
../src/main.cc:27:2: note: suggested alternative: 'XGpio_DiscreteWrite'
  DiscreteWrite(&gpio_led, gpio_led_channel, u32 Mask);
  ^~~~~~~~~~~~~
  XGpio_DiscreteWrite
make: *** [src/main.o] エラー 1
15:29:35 **** Auto Build of configuration Debug for project DISP3D ****
make all 
'Building file: ../src/main.cc'
'Invoking: MicroBlaze g++ compiler'
mb-g++ -Wall -O0 -g3 -c -fmessage-length=0 -MT"src/main.o" -I../../DISP3D_bsp/mbcore/include -mlittle-endian -mcpu=v10.0 -mxl-soft-mul -Wl,--no-relax -ffunction-sections -fdata-sections -MMD -MP -MF"src/main.d" -MT"src/main.o" -o "src/main.o" "../src/main.cc"
../src/main.cc: In function 'int init()':
../src/main.cc:27:2: error: 'DiscreteWrite' was not declared in this scope
  DiscreteWrite(&gpio_led, gpio_led_channel, 0x0);
  ^~~~~~~~~~~~~
../src/main.cc:27:2: note: suggested alternative: 'XGpio_DiscreteWrite'
  DiscreteWrite(&gpio_led, gpio_led_channel, 0x0);
  ^~~~~~~~~~~~~
  XGpio_DiscreteWrite
make: *** [src/main.o] エラー 1
15:30:03 **** Auto Build of configuration Debug for project DISP3D ****
make all 
'Building file: ../src/main.cc'
'Invoking: MicroBlaze g++ compiler'
mb-g++ -Wall -O0 -g3 -c -fmessage-length=0 -MT"src/main.o" -I../../DISP3D_bsp/mbcore/include -mlittle-endian -mcpu=v10.0 -mxl-soft-mul -Wl,--no-relax -ffunction-sections -fdata-sections -MMD -MP -MF"src/main.d" -MT"src/main.o" -o "src/main.o" "../src/main.cc"
'Finished building: ../src/main.cc'
' '
'Building target: DISP3D.elf'
'Invoking: MicroBlaze g++ linker'
mb-g++ -Wl,-T -Wl,../src/lscript.ld -L../../DISP3D_bsp/mbcore/lib -mlittle-endian -mcpu=v10.0 -mxl-soft-mul -Wl,--no-relax -Wl,--gc-sections -o "DISP3D.elf"  ./src/main.o   -Wl,--start-group,-lxil,-lgcc,-lc,-lstdc++,--end-group
'Finished building target: DISP3D.elf'
' '
'Invoking: MicroBlaze Print Size'
mb-size DISP3D.elf  |tee "DISP3D.elf.size"
   text	   data	    bss	    dec	    hex	filename
   5916	    336	   3108	   9360	   2490	DISP3D.elf
'Finished building: DISP3D.elf.size'
' '
15:30:11 **** Incremental Build of configuration Debug for project DISP3D ****
make all 
make: `all' に対して行うべき事はありません.
15:30:22 **** Incremental Build of configuration Debug for project DISP3D ****
make all 
make: `all' に対して行うべき事はありません.
15:30:59 **** Auto Build of configuration Debug for project DISP3D ****
make all 
'Building file: ../src/main.cc'
'Invoking: MicroBlaze g++ compiler'
mb-g++ -Wall -O0 -g3 -c -fmessage-length=0 -MT"src/main.o" -I../../DISP3D_bsp/mbcore/include -mlittle-endian -mcpu=v10.0 -mxl-soft-mul -Wl,--no-relax -ffunction-sections -fdata-sections -MMD -MP -MF"src/main.d" -MT"src/main.o" -o "src/main.o" "../src/main.cc"
'Finished building: ../src/main.cc'
' '
'Building target: DISP3D.elf'
'Invoking: MicroBlaze g++ linker'
mb-g++ -Wl,-T -Wl,../src/lscript.ld -L../../DISP3D_bsp/mbcore/lib -mlittle-endian -mcpu=v10.0 -mxl-soft-mul -Wl,--no-relax -Wl,--gc-sections -o "DISP3D.elf"  ./src/main.o   -Wl,--start-group,-lxil,-lgcc,-lc,-lstdc++,--end-group
'Finished building target: DISP3D.elf'
' '
'Invoking: MicroBlaze Print Size'
mb-size DISP3D.elf  |tee "DISP3D.elf.size"
   text	   data	    bss	    dec	    hex	filename
   6724	    372	   3136	  10232	   27f8	DISP3D.elf
'Finished building: DISP3D.elf.size'
' '
15:31:03 **** Incremental Build of configuration Debug for project DISP3D ****
make all 
make: `all' に対して行うべき事はありません.
15:31:05 **** Incremental Build of configuration Debug for project DISP3D ****
make all 
make: `all' に対して行うべき事はありません.
15:36:44 **** Incremental Build of configuration Debug for project DISP3D ****
make all 
make: `all' に対して行うべき事はありません.
15:41:57 **** Auto Build of configuration Debug for project DISP3D ****
make all 
'Building file: ../src/main.cc'
'Invoking: MicroBlaze g++ compiler'
mb-g++ -Wall -O0 -g3 -c -fmessage-length=0 -MT"src/main.o" -I../../DISP3D_bsp/mbcore/include -mlittle-endian -mcpu=v10.0 -mxl-soft-mul -Wl,--no-relax -ffunction-sections -fdata-sections -MMD -MP -MF"src/main.d" -MT"src/main.o" -o "src/main.o" "../src/main.cc"
'Finished building: ../src/main.cc'
' '
'Building target: DISP3D.elf'
'Invoking: MicroBlaze g++ linker'
mb-g++ -Wl,-T -Wl,../src/lscript.ld -L../../DISP3D_bsp/mbcore/lib -mlittle-endian -mcpu=v10.0 -mxl-soft-mul -Wl,--no-relax -Wl,--gc-sections -o "DISP3D.elf"  ./src/main.o   -Wl,--start-group,-lxil,-lgcc,-lc,-lstdc++,--end-group
'Finished building target: DISP3D.elf'
' '
'Invoking: MicroBlaze Print Size'
mb-size DISP3D.elf  |tee "DISP3D.elf.size"
   text	   data	    bss	    dec	    hex	filename
   6724	    372	   3136	  10232	   27f8	DISP3D.elf
'Finished building: DISP3D.elf.size'
' '
15:41:59 **** Incremental Build of configuration Debug for project DISP3D ****
make all 
make: `all' に対して行うべき事はありません.
15:42:13 **** Incremental Build of configuration Debug for project DISP3D ****
make all 
make: `all' に対して行うべき事はありません.
15:43:16 **** Auto Build of configuration Debug for project DISP3D ****
make all 
'Building file: ../src/main.cc'
'Invoking: MicroBlaze g++ compiler'
mb-g++ -Wall -O0 -g3 -c -fmessage-length=0 -MT"src/main.o" -I../../DISP3D_bsp/mbcore/include -mlittle-endian -mcpu=v10.0 -mxl-soft-mul -Wl,--no-relax -ffunction-sections -fdata-sections -MMD -MP -MF"src/main.d" -MT"src/main.o" -o "src/main.o" "../src/main.cc"
'Finished building: ../src/main.cc'
' '
'Building target: DISP3D.elf'
'Invoking: MicroBlaze g++ linker'
[...]
   text	   data	    bss	    dec	    hex	filename
   9772	    372	   3288	  13432	   3478	DISP3D.elf
'Finished building: DISP3D.elf.size'
' '
21:16:40 **** Auto Build of configuration Debug for project DISP3D ****
make all 
'Building file: ../src/main.cc'
'Invoking: MicroBlaze g++ compiler'
mb-g++ -Wall -O0 -g3 -c -fmessage-length=0 -MT"src/main.o" -I../../DISP3D_bsp/mbcore/include -mlittle-endian -mcpu=v10.0 -mxl-soft-mul -Wl,--no-relax -ffunction-sections -fdata-sections -MMD -MP -MF"src/main.d" -MT"src/main.o" -o "src/main.o" "../src/main.cc"
../src/main.cc: In function 'int main()':
../src/main.cc:51:24: error: too few arguments to function 'void XGpio_InterruptEnable(XGpio*, u32)'
  XGpio_InterruptEnable();
                        ^
In file included from ../src/main.cc:6:0:
../../DISP3D_bsp/mbcore/include/xgpio.h:203:6: note: declared here
 void XGpio_InterruptEnable(XGpio *InstancePtr, u32 Mask);
      ^~~~~~~~~~~~~~~~~~~~~
../src/main.cc:37:6: warning: unused variable 'i' [-Wunused-variable]
  int i = 37;
      ^
make: *** [src/main.o] エラー 1
21:17:41 **** Auto Build of configuration Debug for project DISP3D ****
make all 
'Building file: ../src/main.cc'
'Invoking: MicroBlaze g++ compiler'
mb-g++ -Wall -O0 -g3 -c -fmessage-length=0 -MT"src/main.o" -I../../DISP3D_bsp/mbcore/include -mlittle-endian -mcpu=v10.0 -mxl-soft-mul -Wl,--no-relax -ffunction-sections -fdata-sections -MMD -MP -MF"src/main.d" -MT"src/main.o" -o "src/main.o" "../src/main.cc"
../src/main.cc: In function 'int main()':
../src/main.cc:51:24: error: too few arguments to function 'void XGpio_InterruptEnable(XGpio*, u32)'
  XGpio_InterruptEnable();
                        ^
In file included from ../src/main.cc:6:0:
../../DISP3D_bsp/mbcore/include/xgpio.h:203:6: note: declared here
 void XGpio_InterruptEnable(XGpio *InstancePtr, u32 Mask);
      ^~~~~~~~~~~~~~~~~~~~~
../src/main.cc:54:2: error: expected ';' before 'while'
  while(1) { //--
  ^~~~~
../src/main.cc:56:2: warning: statement is a reference, not call, to function 'XGpio_InterruptGlobalEnable' [-Waddress]
  }
  ^
../src/main.cc:56:2: warning: statement has no effect [-Wunused-value]
../src/main.cc:37:6: warning: unused variable 'i' [-Wunused-variable]
  int i = 37;
      ^
make: *** [src/main.o] エラー 1
21:17:44 **** Auto Build of configuration Debug for project DISP3D ****
make all 
'Building file: ../src/main.cc'
'Invoking: MicroBlaze g++ compiler'
mb-g++ -Wall -O0 -g3 -c -fmessage-length=0 -MT"src/main.o" -I../../DISP3D_bsp/mbcore/include -mlittle-endian -mcpu=v10.0 -mxl-soft-mul -Wl,--no-relax -ffunction-sections -fdata-sections -MMD -MP -MF"src/main.d" -MT"src/main.o" -o "src/main.o" "../src/main.cc"
../src/main.cc: In function 'int main()':
../src/main.cc:51:24: error: too few arguments to function 'void XGpio_InterruptEnable(XGpio*, u32)'
  XGpio_InterruptEnable();
                        ^
In file included from ../src/main.cc:6:0:
../../DISP3D_bsp/mbcore/include/xgpio.h:203:6: note: declared here
 void XGpio_InterruptEnable(XGpio *InstancePtr, u32 Mask);
      ^~~~~~~~~~~~~~~~~~~~~
../src/main.cc:52:30: error: too few arguments to function 'void XGpio_InterruptGlobalEnable(XGpio*)'
  XGpio_InterruptGlobalEnable();
                              ^
In file included from ../src/main.cc:6:0:
../../DISP3D_bsp/mbcore/include/xgpio.h:201:6: note: declared here
 void XGpio_InterruptGlobalEnable(XGpio *InstancePtr);
      ^~~~~~~~~~~~~~~~~~~~~~~~~~~
../src/main.cc:37:6: warning: unused variable 'i' [-Wunused-variable]
  int i = 37;
      ^
make: *** [src/main.o] エラー 1
21:18:02 **** Auto Build of configuration Debug for project DISP3D ****
make all 
'Building file: ../src/main.cc'
'Invoking: MicroBlaze g++ compiler'
mb-g++ -Wall -O0 -g3 -c -fmessage-length=0 -MT"src/main.o" -I../../DISP3D_bsp/mbcore/include -mlittle-endian -mcpu=v10.0 -mxl-soft-mul -Wl,--no-relax -ffunction-sections -fdata-sections -MMD -MP -MF"src/main.d" -MT"src/main.o" -o "src/main.o" "../src/main.cc"
../src/main.cc: In function 'int main()':
../src/main.cc:51:24: error: too few arguments to function 'void XGpio_InterruptEnable(XGpio*, u32)'
  XGpio_InterruptEnable();
                        ^
In file included from ../src/main.cc:6:0:
../../DISP3D_bsp/mbcore/include/xgpio.h:203:6: note: declared here
 void XGpio_InterruptEnable(XGpio *InstancePtr, u32 Mask);
      ^~~~~~~~~~~~~~~~~~~~~
../src/main.cc:52:31: error: 'gpio_led' was not declared in this scope
  XGpio_InterruptGlobalEnable(&gpio_led);
                               ^~~~~~~~
../src/main.cc:52:31: note: suggested alternative: 'gpio_ledsw'
  XGpio_InterruptGlobalEnable(&gpio_led);
                               ^~~~~~~~
                               gpio_ledsw
../src/main.cc:37:6: warning: unused variable 'i' [-Wunused-variable]
  int i = 37;
      ^
make: *** [src/main.o] エラー 1
21:18:03 **** Auto Build of configuration Debug for project DISP3D ****
make all 
'Building file: ../src/main.cc'
'Invoking: MicroBlaze g++ compiler'
mb-g++ -Wall -O0 -g3 -c -fmessage-length=0 -MT"src/main.o" -I../../DISP3D_bsp/mbcore/include -mlittle-endian -mcpu=v10.0 -mxl-soft-mul -Wl,--no-relax -ffunction-sections -fdata-sections -MMD -MP -MF"src/main.d" -MT"src/main.o" -o "src/main.o" "../src/main.cc"
../src/main.cc: In function 'int main()':
../src/main.cc:51:24: error: too few arguments to function 'void XGpio_InterruptEnable(XGpio*, u32)'
  XGpio_InterruptEnable();
                        ^
In file included from ../src/main.cc:6:0:
../../DISP3D_bsp/mbcore/include/xgpio.h:203:6: note: declared here
 void XGpio_InterruptEnable(XGpio *InstancePtr, u32 Mask);
      ^~~~~~~~~~~~~~~~~~~~~
../src/main.cc:37:6: warning: unused variable 'i' [-Wunused-variable]
  int i = 37;
      ^
make: *** [src/main.o] エラー 1
21:18:21 **** Auto Build of configuration Debug for project DISP3D ****
make all 
'Building file: ../src/main.cc'
'Invoking: MicroBlaze g++ compiler'
mb-g++ -Wall -O0 -g3 -c -fmessage-length=0 -MT"src/main.o" -I../../DISP3D_bsp/mbcore/include -mlittle-endian -mcpu=v10.0 -mxl-soft-mul -Wl,--no-relax -ffunction-sections -fdata-sections -MMD -MP -MF"src/main.d" -MT"src/main.o" -o "src/main.o" "../src/main.cc"
../src/main.cc: In function 'int main()':
../src/main.cc:51:37: error: expected primary-expression before ')' token
  XGpio_InterruptEnable(&gpio_ledsw, );
                                     ^
../src/main.cc:37:6: warning: unused variable 'i' [-Wunused-variable]
  int i = 37;
      ^
make: *** [src/main.o] エラー 1
21:18:33 **** Auto Build of configuration Debug for project DISP3D ****
make all 
'Building file: ../src/main.cc'
'Invoking: MicroBlaze g++ compiler'
mb-g++ -Wall -O0 -g3 -c -fmessage-length=0 -MT"src/main.o" -I../../DISP3D_bsp/mbcore/include -mlittle-endian -mcpu=v10.0 -mxl-soft-mul -Wl,--no-relax -ffunction-sections -fdata-sections -MMD -MP -MF"src/main.d" -MT"src/main.o" -o "src/main.o" "../src/main.cc"
../src/main.cc: In function 'int main()':
../src/main.cc:37:6: warning: unused variable 'i' [-Wunused-variable]
  int i = 37;
      ^
'Finished building: ../src/main.cc'
' '
'Building target: DISP3D.elf'
'Invoking: MicroBlaze g++ linker'
mb-g++ -Wl,-T -Wl,../src/lscript.ld -L../../DISP3D_bsp/mbcore/lib -mlittle-endian -mcpu=v10.0 -mxl-soft-mul -Wl,--no-relax -Wl,--gc-sections -o "DISP3D.elf"  ./src/main.o   -Wl,--start-group,-lxil,-lgcc,-lc,-lstdc++,--end-group
'Finished building target: DISP3D.elf'
' '
'Invoking: MicroBlaze Print Size'
mb-size DISP3D.elf  |tee "DISP3D.elf.size"
   text	   data	    bss	    dec	    hex	filename
  10232	    372	   3284	  13888	   3640	DISP3D.elf
'Finished building: DISP3D.elf.size'
' '
21:18:38 **** Incremental Build of configuration Debug for project DISP3D ****
make all 
make: `all' に対して行うべき事はありません.
21:19:38 **** Incremental Build of configuration Debug for project DISP3D ****
make all 
make: `all' に対して行うべき事はありません.
21:20:24 **** Auto Build of configuration Debug for project DISP3D ****
make all 
'Building file: ../src/main.cc'
'Invoking: MicroBlaze g++ compiler'
mb-g++ -Wall -O0 -g3 -c -fmessage-length=0 -MT"src/main.o" -I../../DISP3D_bsp/mbcore/include -mlittle-endian -mcpu=v10.0 -mxl-soft-mul -Wl,--no-relax -ffunction-sections -fdata-sections -MMD -MP -MF"src/main.d" -MT"src/main.o" -o "src/main.o" "../src/main.cc"
../src/main.cc: In function 'int main()':
../src/main.cc:37:6: warning: unused variable 'i' [-Wunused-variable]
  int i = 37;
      ^
../src/main.cc: In function 'void GpioHandler(void*)':
../src/main.cc:65:16: warning: unused variable 'called' [-Wunused-variable]
     static u32 called;
                ^~~~~~
../src/main.cc: At global scope:
../src/main.cc:65:16: warning: 'called' defined but not used [-Wunused-variable]
'Finished building: ../src/main.cc'
' '
'Building target: DISP3D.elf'
'Invoking: MicroBlaze g++ linker'
mb-g++ -Wl,-T -Wl,../src/lscript.ld -L../../DISP3D_bsp/mbcore/lib -mlittle-endian -mcpu=v10.0 -mxl-soft-mul -Wl,--no-relax -Wl,--gc-sections -o "DISP3D.elf"  ./src/main.o   -Wl,--start-group,-lxil,-lgcc,-lc,-lstdc++,--end-group
'Finished building target: DISP3D.elf'
' '
'Invoking: MicroBlaze Print Size'
mb-size DISP3D.elf  |tee "DISP3D.elf.size"
   text	   data	    bss	    dec	    hex	filename
  10232	    372	   3284	  13888	   3640	DISP3D.elf
'Finished building: DISP3D.elf.size'
' '
21:20:41 **** Auto Build of configuration Debug for project DISP3D ****
make all 
'Building file: ../src/main.cc'
'Invoking: MicroBlaze g++ compiler'
mb-g++ -Wall -O0 -g3 -c -fmessage-length=0 -MT"src/main.o" -I../../DISP3D_bsp/mbcore/include -mlittle-endian -mcpu=v10.0 -mxl-soft-mul -Wl,--no-relax -ffunction-sections -fdata-sections -MMD -MP -MF"src/main.d" -MT"src/main.o" -o "src/main.o" "../src/main.cc"
../src/main.cc: In function 'int main()':
../src/main.cc:37:6: warning: unused variable 'i' [-Wunused-variable]
  int i = 37;
      ^
'Finished building: ../src/main.cc'
' '
'Building target: DISP3D.elf'
'Invoking: MicroBlaze g++ linker'
mb-g++ -Wl,-T -Wl,../src/lscript.ld -L../../DISP3D_bsp/mbcore/lib -mlittle-endian -mcpu=v10.0 -mxl-soft-mul -Wl,--no-relax -Wl,--gc-sections -o "DISP3D.elf"  ./src/main.o   -Wl,--start-group,-lxil,-lgcc,-lc,-lstdc++,--end-group
'Finished building target: DISP3D.elf'
' '
'Invoking: MicroBlaze Print Size'
mb-size DISP3D.elf  |tee "DISP3D.elf.size"
   text	   data	    bss	    dec	    hex	filename
  10248	    372	   3292	  13912	   3658	DISP3D.elf
'Finished building: DISP3D.elf.size'
' '
21:20:49 **** Auto Build of configuration Debug for project DISP3D ****
make all 
'Building file: ../src/main.cc'
'Invoking: MicroBlaze g++ compiler'
mb-g++ -Wall -O0 -g3 -c -fmessage-length=0 -MT"src/main.o" -I../../DISP3D_bsp/mbcore/include -mlittle-endian -mcpu=v10.0 -mxl-soft-mul -Wl,--no-relax -ffunction-sections -fdata-sections -MMD -MP -MF"src/main.d" -MT"src/main.o" -o "src/main.o" "../src/main.cc"
../src/main.cc: In function 'int main()':
../src/main.cc:37:6: warning: unused variable 'i' [-Wunused-variable]
  int i = 37;
      ^
'Finished building: ../src/main.cc'
' '
'Building target: DISP3D.elf'
'Invoking: MicroBlaze g++ linker'
mb-g++ -Wl,-T -Wl,../src/lscript.ld -L../../DISP3D_bsp/mbcore/lib -mlittle-endian -mcpu=v10.0 -mxl-soft-mul -Wl,--no-relax -Wl,--gc-sections -o "DISP3D.elf"  ./src/main.o   -Wl,--start-group,-lxil,-lgcc,-lc,-lstdc++,--end-group
'Finished building target: DISP3D.elf'
' '
'Invoking: MicroBlaze Print Size'
mb-size DISP3D.elf  |tee "DISP3D.elf.size"
   text	   data	    bss	    dec	    hex	filename
  10268	    372	   3296	  13936	   3670	DISP3D.elf
'Finished building: DISP3D.elf.size'
' '
21:21:18 **** Auto Build of configuration Debug for project DISP3D ****
make all 
'Building file: ../src/main.cc'
'Invoking: MicroBlaze g++ compiler'
mb-g++ -Wall -O0 -g3 -c -fmessage-length=0 -MT"src/main.o" -I../../DISP3D_bsp/mbcore/include -mlittle-endian -mcpu=v10.0 -mxl-soft-mul -Wl,--no-relax -ffunction-sections -fdata-sections -MMD -MP -MF"src/main.d" -MT"src/main.o" -o "src/main.o" "../src/main.cc"
../src/main.cc: In function 'int main()':
../src/main.cc:37:6: warning: unused variable 'i' [-Wunused-variable]
  int i = 37;
      ^
'Finished building: ../src/main.cc'
' '
'Building target: DISP3D.elf'
'Invoking: MicroBlaze g++ linker'
mb-g++ -Wl,-T -Wl,../src/lscript.ld -L../../DISP3D_bsp/mbcore/lib -mlittle-endian -mcpu=v10.0 -mxl-soft-mul -Wl,--no-relax -Wl,--gc-sections -o "DISP3D.elf"  ./src/main.o   -Wl,--start-group,-lxil,-lgcc,-lc,-lstdc++,--end-group
'Finished building target: DISP3D.elf'
' '
'Invoking: MicroBlaze Print Size'
mb-size DISP3D.elf  |tee "DISP3D.elf.size"
   text	   data	    bss	    dec	    hex	filename
  10268	    372	   3296	  13936	   3670	DISP3D.elf
'Finished building: DISP3D.elf.size'
' '
21:21:21 **** Incremental Build of configuration Debug for project DISP3D ****
make all 
make: `all' に対して行うべき事はありません.
21:22:00 **** Auto Build of configuration Debug for project DISP3D ****
make all 
'Building file: ../src/main.cc'
'Invoking: MicroBlaze g++ compiler'
mb-g++ -Wall -O0 -g3 -c -fmessage-length=0 -MT"src/main.o" -I../../DISP3D_bsp/mbcore/include -mlittle-endian -mcpu=v10.0 -mxl-soft-mul -Wl,--no-relax -ffunction-sections -fdata-sections -MMD -MP -MF"src/main.d" -MT"src/main.o" -o "src/main.o" "../src/main.cc"
../src/main.cc: In function 'int main()':
../src/main.cc:37:6: warning: unused variable 'i' [-Wunused-variable]
  int i = 37;
      ^
'Finished building: ../src/main.cc'
' '
'Building target: DISP3D.elf'
'Invoking: MicroBlaze g++ linker'
mb-g++ -Wl,-T -Wl,../src/lscript.ld -L../../DISP3D_bsp/mbcore/lib -mlittle-endian -mcpu=v10.0 -mxl-soft-mul -Wl,--no-relax -Wl,--gc-sections -o "DISP3D.elf"  ./src/main.o   -Wl,--start-group,-lxil,-lgcc,-lc,-lstdc++,--end-group
'Finished building target: DISP3D.elf'
' '
'Invoking: MicroBlaze Print Size'
mb-size DISP3D.elf  |tee "DISP3D.elf.size"
   text	   data	    bss	    dec	    hex	filename
  10204	    372	   3296	  13872	   3630	DISP3D.elf
'Finished building: DISP3D.elf.size'
' '
21:22:04 **** Incremental Build of configuration Debug for project DISP3D ****
make all 
make: `all' に対して行うべき事はありません.
21:22:32 **** Auto Build of configuration Debug for project DISP3D ****
make all 
'Building file: ../src/main.cc'
'Invoking: MicroBlaze g++ compiler'
mb-g++ -Wall -O0 -g3 -c -fmessage-length=0 -MT"src/main.o" -I../../DISP3D_bsp/mbcore/include -mlittle-endian -mcpu=v10.0 -mxl-soft-mul -Wl,--no-relax -ffunction-sections -fdata-sections -MMD -MP -MF"src/main.d" -MT"src/main.o" -o "src/main.o" "../src/main.cc"
../src/main.cc: In function 'int main()':
../src/main.cc:37:6: warning: unused variable 'i' [-Wunused-variable]
  int i = 37;
      ^
'Finished building: ../src/main.cc'
' '
'Building target: DISP3D.elf'
'Invoking: MicroBlaze g++ linker'
mb-g++ -Wl,-T -Wl,../src/lscript.ld -L../../DISP3D_bsp/mbcore/lib -mlittle-endian -mcpu=v10.0 -mxl-soft-mul -Wl,--no-relax -Wl,--gc-sections -o "DISP3D.elf"  ./src/main.o   -Wl,--start-group,-lxil,-lgcc,-lc,-lstdc++,--end-group
'Finished building target: DISP3D.elf'
' '
'Invoking: MicroBlaze Print Size'
mb-size DISP3D.elf  |tee "DISP3D.elf.size"
   text	   data	    bss	    dec	    hex	filename
  10172	    372	   3296	  13840	   3610	DISP3D.elf
'Finished building: DISP3D.elf.size'
' '
21:22:35 **** Incremental Build of configuration Debug for project DISP3D ****
make all 
make: `all' に対して行うべき事はありません.
21:22:55 **** Auto Build of configuration Debug for project DISP3D ****
make all 
'Building file: ../src/main.cc'
'Invoking: MicroBlaze g++ compiler'
mb-g++ -Wall -O0 -g3 -c -fmessage-length=0 -MT"src/main.o" -I../../DISP3D_bsp/mbcore/include -mlittle-endian -mcpu=v10.0 -mxl-soft-mul -Wl,--no-relax -ffunction-sections -fdata-sections -MMD -MP -MF"src/main.d" -MT"src/main.o" -o "src/main.o" "../src/main.cc"
../src/main.cc: In function 'int main()':
../src/main.cc:37:6: warning: unused variable 'i' [-Wunused-variable]
  int i = 37;
      ^
'Finished building: ../src/main.cc'
' '
'Building target: DISP3D.elf'
'Invoking: MicroBlaze g++ linker'
mb-g++ -Wl,-T -Wl,../src/lscript.ld -L../../DISP3D_bsp/mbcore/lib -mlittle-endian -mcpu=v10.0 -mxl-soft-mul -Wl,--no-relax -Wl,--gc-sections -o "DISP3D.elf"  ./src/main.o   -Wl,--start-group,-lxil,-lgcc,-lc,-lstdc++,--end-group
'Finished building target: DISP3D.elf'
' '
'Invoking: MicroBlaze Print Size'
mb-size DISP3D.elf  |tee "DISP3D.elf.size"
   text	   data	    bss	    dec	    hex	filename
  10204	    372	   3296	  13872	   3630	DISP3D.elf
'Finished building: DISP3D.elf.size'
' '
21:24:08 **** Auto Build of configuration Debug for project DISP3D ****
make all 
'Building file: ../src/main.cc'
'Invoking: MicroBlaze g++ compiler'
mb-g++ -Wall -O0 -g3 -c -fmessage-length=0 -MT"src/main.o" -I../../DISP3D_bsp/mbcore/include -mlittle-endian -mcpu=v10.0 -mxl-soft-mul -Wl,--no-relax -ffunction-sections -fdata-sections -MMD -MP -MF"src/main.d" -MT"src/main.o" -o "src/main.o" "../src/main.cc"
../src/main.cc: In function 'int main()':
../src/main.cc:37:6: warning: unused variable 'i' [-Wunused-variable]
  int i = 37;
      ^
'Finished building: ../src/main.cc'
' '
'Building target: DISP3D.elf'
'Invoking: MicroBlaze g++ linker'
mb-g++ -Wl,-T -Wl,../src/lscript.ld -L../../DISP3D_bsp/mbcore/lib -mlittle-endian -mcpu=v10.0 -mxl-soft-mul -Wl,--no-relax -Wl,--gc-sections -o "DISP3D.elf"  ./src/main.o   -Wl,--start-group,-lxil,-lgcc,-lc,-lstdc++,--end-group
'Finished building target: DISP3D.elf'
' '
'Invoking: MicroBlaze Print Size'
mb-size DISP3D.elf  |tee "DISP3D.elf.size"
   text	   data	    bss	    dec	    hex	filename
  10204	    372	   3296	  13872	   3630	DISP3D.elf
'Finished building: DISP3D.elf.size'
' '
21:24:36 **** Auto Build of configuration Debug for project DISP3D ****
make all 
'Building file: ../src/main.cc'
'Invoking: MicroBlaze g++ compiler'
mb-g++ -Wall -O0 -g3 -c -fmessage-length=0 -MT"src/main.o" -I../../DISP3D_bsp/mbcore/include -mlittle-endian -mcpu=v10.0 -mxl-soft-mul -Wl,--no-relax -ffunction-sections -fdata-sections -MMD -MP -MF"src/main.d" -MT"src/main.o" -o "src/main.o" "../src/main.cc"
../src/main.cc: In function 'int main()':
../src/main.cc:37:6: warning: unused variable 'i' [-Wunused-variable]
  int i = 37;
      ^
'Finished building: ../src/main.cc'
' '
'Building target: DISP3D.elf'
'Invoking: MicroBlaze g++ linker'
mb-g++ -Wl,-T -Wl,../src/lscript.ld -L../../DISP3D_bsp/mbcore/lib -mlittle-endian -mcpu=v10.0 -mxl-soft-mul -Wl,--no-relax -Wl,--gc-sections -o "DISP3D.elf"  ./src/main.o   -Wl,--start-group,-lxil,-lgcc,-lc,-lstdc++,--end-group
'Finished building target: DISP3D.elf'
' '
'Invoking: MicroBlaze Print Size'
mb-size DISP3D.elf  |tee "DISP3D.elf.size"
   text	   data	    bss	    dec	    hex	filename
  10204	    372	   3296	  13872	   3630	DISP3D.elf
'Finished building: DISP3D.elf.size'
' '
21:24:43 **** Auto Build of configuration Debug for project DISP3D ****
make all 
'Building file: ../src/main.cc'
'Invoking: MicroBlaze g++ compiler'
mb-g++ -Wall -O0 -g3 -c -fmessage-length=0 -MT"src/main.o" -I../../DISP3D_bsp/mbcore/include -mlittle-endian -mcpu=v10.0 -mxl-soft-mul -Wl,--no-relax -ffunction-sections -fdata-sections -MMD -MP -MF"src/main.d" -MT"src/main.o" -o "src/main.o" "../src/main.cc"
../src/main.cc: In function 'int main()':
../src/main.cc:37:6: warning: unused variable 'i' [-Wunused-variable]
  int i = 37;
      ^
'Finished building: ../src/main.cc'
' '
'Building target: DISP3D.elf'
'Invoking: MicroBlaze g++ linker'
mb-g++ -Wl,-T -Wl,../src/lscript.ld -L../../DISP3D_bsp/mbcore/lib -mlittle-endian -mcpu=v10.0 -mxl-soft-mul -Wl,--no-relax -Wl,--gc-sections -o "DISP3D.elf"  ./src/main.o   -Wl,--start-group,-lxil,-lgcc,-lc,-lstdc++,--end-group
'Finished building target: DISP3D.elf'
' '
'Invoking: MicroBlaze Print Size'
mb-size DISP3D.elf  |tee "DISP3D.elf.size"
   text	   data	    bss	    dec	    hex	filename
  10204	    372	   3296	  13872	   3630	DISP3D.elf
'Finished building: DISP3D.elf.size'
' '
21:25:03 **** Incremental Build of configuration Debug for project DISP3D ****
make all 
make: `all' に対して行うべき事はありません.
